{
    "scenario_03": {
        "content": [
            [
                [
                    "query_001_SME25-218",
                    [
                        "all_hits.fasta:md5,6b66b763e6358652a2200ebecf63ba54",
                        "all_hits.json:md5,01f337023cafb240e3e926005809a25f",
                        "query_title.txt:md5,c016e58d988e508397d5eedb01046129"
                    ]
                ],
                [
                    "query_002_SME25-219",
                    [
                        "all_hits.fasta:md5,27da4638cc6f2510c30f03a90b11d5f1",
                        "all_hits.json:md5,6e9c05bb00eacf609982e08e725cf0ba",
                        "query_title.txt:md5,75afeb026f0361ae4401a820f1bd37a1"
                    ]
                ],
                [
                    "query_003_SME25-220",
                    [
                        "all_hits.fasta:md5,f260fb0796ca7eb41982687e82aed998",
                        "all_hits.json:md5,96e6e0c5c97889d748bdc348d3157822",
                        "query_title.txt:md5,0fab00958fb1f7be0e705545150244e4"
                    ]
                ],
                [
                    "query_004_SME25-221",
                    [
                        "all_hits.fasta:md5,f15874f1a4b60c5c7d8577f7908e734b",
                        "all_hits.json:md5,c92938e0cd78fffbef2a3b68b5992c6b",
                        "query_title.txt:md5,432ae342e1c2894959033d86459bd4d3"
                    ]
                ],
                [
                    "query_005_SME25-222",
                    [
                        "all_hits.fasta:md5,6b66b763e6358652a2200ebecf63ba54",
                        "all_hits.json:md5,c403d565cb47738d427bc7ba7382699e",
                        "query_title.txt:md5,af59eff4777c978e8ae943ffdced2ed9"
                    ]
                ],
                [
                    "query_006_SME25-223",
                    [
                        "all_hits.fasta:md5,a672514ee5f6ec4ca6d75080bc8f3e31",
                        "all_hits.json:md5,608135a2e2df2832eda8ef707b2fe39a",
                        "query_title.txt:md5,ac2540ef1a12bf97cd6d034a01d8c6e4"
                    ]
                ],
                [
                    "query_007_SME25-224",
                    [
                        "all_hits.fasta:md5,995ff5dd0a7fdcb5399f53ab2956e3a9",
                        "all_hits.json:md5,94faa11c5c6c37ef394a1ae3f9567301",
                        "query_title.txt:md5,dfb56790443e06545b71016d3597ec7d"
                    ]
                ],
                [
                    "query_008_SME25-225",
                    [
                        "all_hits.fasta:md5,fd55462639b49c420e86bd095bde2986",
                        "all_hits.json:md5,0fe1948836710ca9adc2734d05c6559f",
                        "query_title.txt:md5,877f3c3105e69cede3c7da32ec636344"
                    ]
                ],
                [
                    "query_009_SME25-226",
                    [
                        "all_hits.fasta:md5,112875f37c09a80506638b366b098b9e",
                        "all_hits.json:md5,76a222d9c81c8f238e4223a02cb4eaaa",
                        "query_title.txt:md5,0481e28da52a803feb6e24aefeaa1446"
                    ]
                ],
                [
                    "query_010_SME25-227",
                    [
                        "all_hits.fasta:md5,b335a7ac52d2ab15c54708550530a6c7",
                        "all_hits.json:md5,5d49c929e39c153564d2f2e0dd35b3ef",
                        "query_title.txt:md5,dd4d20ac6d3fa9c8a57f3097cfbb1082"
                    ]
                ],
                [
                    "query_011_SME25-228",
                    [
                        "all_hits.fasta:md5,7343200815c076e8252cecbc88a9ed92",
                        "all_hits.json:md5,fa5ae71c0212b9b8dbdd1c567262e242",
                        "query_title.txt:md5,ff0b46593ed85f3774551d0894a97e47"
                    ]
                ],
                [
                    "query_012_SME25-229",
                    [
                        "all_hits.fasta:md5,5531bedbbe28843eecc0e38f248af6b7",
                        "all_hits.json:md5,8a6da32bf8ad65f472b6c601bf109bde",
                        "query_title.txt:md5,e121c22b61d22f127656a24f9b1f5f34"
                    ]
                ],
                [
                    "query_013_SME25-230",
                    [
                        "all_hits.fasta:md5,5531bedbbe28843eecc0e38f248af6b7",
                        "all_hits.json:md5,22668206b301e1cff179b90711899165",
                        "query_title.txt:md5,4fa8cadcac086173e77372a91199dde7"
                    ]
                ],
                [
                    "query_014_SME25-231",
                    [
                        "all_hits.fasta:md5,50b0c9eba6edfa03f2255b1ef10eec60",
                        "all_hits.json:md5,c9acb968261719850092cfbd1977fff4",
                        "query_title.txt:md5,250b2f64072db08e7a799cf935b2ecca"
                    ]
                ]
            ],
            [
                [
                    "query_001_SME25-218",
                    [
                        "1.flag:md5,5bebb6bb53ff7b1b11b87057eabd4f81",
                        "2.flag:md5,7a4a44e9144b0324d4514786fe1a2f49",
                        "7.flag:md5,faf7292155a57f6eb9acdc41e96d9252",
                        "all_hits.fasta:md5,6b66b763e6358652a2200ebecf63ba54",
                        "all_hits.json:md5,01f337023cafb240e3e926005809a25f",
                        "candidates.csv:md5,9f1bec16e2cec8f652e6dc7ab50809c3",
                        "candidates.fasta:md5,e907148289a3bb265d5de4961c714e0a",
                        "candidates.json:md5,220bb1ac15e0b38308eb14e686cc8ad6",
                        "candidates_count.txt:md5,c81e728d9d4c2f636f067f89cc14862c",
                        "candidates_phylogeny.fasta:md5,6a4b80e47601b533451a04336ca7bb6a",
                        "taxa_of_concern_detected.csv:md5,d740ee68f16e4763c9f0bdfb67c690d3"
                    ]
                ],
                [
                    "query_002_SME25-219",
                    [
                        "1.flag:md5,5bebb6bb53ff7b1b11b87057eabd4f81",
                        "2.flag:md5,7a4a44e9144b0324d4514786fe1a2f49",
                        "7.flag:md5,faf7292155a57f6eb9acdc41e96d9252",
                        "all_hits.fasta:md5,27da4638cc6f2510c30f03a90b11d5f1",
                        "all_hits.json:md5,6e9c05bb00eacf609982e08e725cf0ba",
                        "candidates.csv:md5,ba7c9b8e48525c641a7694c82d9149bc",
                        "candidates.fasta:md5,a91a9949d174eac027ed7a5f321a0234",
                        "candidates.json:md5,4c44cda52d6e77ed10b6ea5ed796f60d",
                        "candidates_count.txt:md5,c81e728d9d4c2f636f067f89cc14862c",
                        "candidates_phylogeny.fasta:md5,b018ef4c2149e5b187c7ff3fdd59bdb1",
                        "taxa_of_concern_detected.csv:md5,aefb79488208b1ea36493fc9c786cf11"
                    ]
                ],
                [
                    "query_003_SME25-220",
                    [
                        "1.flag:md5,5bebb6bb53ff7b1b11b87057eabd4f81",
                        "2.flag:md5,7a4a44e9144b0324d4514786fe1a2f49",
                        "7.flag:md5,faf7292155a57f6eb9acdc41e96d9252",
                        "all_hits.fasta:md5,f260fb0796ca7eb41982687e82aed998",
                        "all_hits.json:md5,96e6e0c5c97889d748bdc348d3157822",
                        "candidates.csv:md5,97f1f590c4a69b29e8feff7c301ae680",
                        "candidates.fasta:md5,3ce2ae17f5dffc8dc47f14a8862d353e",
                        "candidates.json:md5,197b10a9ac6223259c6369c0c7edff60",
                        "candidates_count.txt:md5,c81e728d9d4c2f636f067f89cc14862c",
                        "candidates_phylogeny.fasta:md5,f7bddc89d13d96e4e8d79019ea2a18d2",
                        "taxa_of_concern_detected.csv:md5,c2e13509e336772a12075bfd05a53a1b"
                    ]
                ],
                [
                    "query_004_SME25-221",
                    [
                        "1.flag:md5,25c0c874ad20c71dd34eaa0bb4886afb",
                        "2.flag:md5,53b5ba2b547942d6b79cbc5af93ddb2c",
                        "7.flag:md5,faf7292155a57f6eb9acdc41e96d9252",
                        "all_hits.fasta:md5,f15874f1a4b60c5c7d8577f7908e734b",
                        "all_hits.json:md5,c92938e0cd78fffbef2a3b68b5992c6b",
                        "candidates.csv:md5,af57fbca89a319b6b965cc1d559b2fea",
                        "candidates.fasta:md5,d41d8cd98f00b204e9800998ecf8427e",
                        "candidates.json:md5,d2600832ae816c6e5ab4ca3590c58aca",
                        "candidates_count.txt:md5,cfcd208495d565ef66e7dff9f98764da",
                        "candidates_phylogeny.fasta:md5,d41d8cd98f00b204e9800998ecf8427e",
                        "taxa_of_concern_detected.csv:md5,1e1ce46fabf100e3fe6a79ed24bf16cc"
                    ]
                ],
                [
                    "query_005_SME25-222",
                    [
                        "1.flag:md5,5bebb6bb53ff7b1b11b87057eabd4f81",
                        "2.flag:md5,7a4a44e9144b0324d4514786fe1a2f49",
                        "7.flag:md5,faf7292155a57f6eb9acdc41e96d9252",
                        "all_hits.fasta:md5,6b66b763e6358652a2200ebecf63ba54",
                        "all_hits.json:md5,c403d565cb47738d427bc7ba7382699e",
                        "candidates.csv:md5,eb495e134e67f19e1608837083b5fa4a",
                        "candidates.fasta:md5,e907148289a3bb265d5de4961c714e0a",
                        "candidates.json:md5,cbf9f043af2b0f236d2ec12aae67e348",
                        "candidates_count.txt:md5,c81e728d9d4c2f636f067f89cc14862c",
                        "candidates_phylogeny.fasta:md5,6a4b80e47601b533451a04336ca7bb6a",
                        "taxa_of_concern_detected.csv:md5,d740ee68f16e4763c9f0bdfb67c690d3"
                    ]
                ],
                [
                    "query_006_SME25-223",
                    [
                        "1.flag:md5,5bebb6bb53ff7b1b11b87057eabd4f81",
                        "2.flag:md5,7a4a44e9144b0324d4514786fe1a2f49",
                        "7.flag:md5,faf7292155a57f6eb9acdc41e96d9252",
                        "all_hits.fasta:md5,a672514ee5f6ec4ca6d75080bc8f3e31",
                        "all_hits.json:md5,608135a2e2df2832eda8ef707b2fe39a",
                        "candidates.csv:md5,de693c40039c8505a8b0d1f10e562931",
                        "candidates.fasta:md5,4e5f97728bd236ec135c3a69901d59d2",
                        "candidates.json:md5,6228ccb95806063a2c26bccc302e17ba",
                        "candidates_count.txt:md5,c81e728d9d4c2f636f067f89cc14862c",
                        "candidates_phylogeny.fasta:md5,355088f783c4f5bcb86c26281e45246d",
                        "taxa_of_concern_detected.csv:md5,d740ee68f16e4763c9f0bdfb67c690d3"
                    ]
                ],
                [
                    "query_007_SME25-224",
                    [
                        "1.flag:md5,5bebb6bb53ff7b1b11b87057eabd4f81",
                        "2.flag:md5,7a4a44e9144b0324d4514786fe1a2f49",
                        "7.flag:md5,faf7292155a57f6eb9acdc41e96d9252",
                        "all_hits.fasta:md5,995ff5dd0a7fdcb5399f53ab2956e3a9",
                        "all_hits.json:md5,94faa11c5c6c37ef394a1ae3f9567301",
                        "candidates.csv:md5,ee1e1363e573796be5f388c2abb07527",
                        "candidates.fasta:md5,4e5f97728bd236ec135c3a69901d59d2",
                        "candidates.json:md5,6351e7805084c3ae4fb492f4afc4ae8c",
                        "candidates_count.txt:md5,c81e728d9d4c2f636f067f89cc14862c",
                        "candidates_phylogeny.fasta:md5,355088f783c4f5bcb86c26281e45246d",
                        "taxa_of_concern_detected.csv:md5,d740ee68f16e4763c9f0bdfb67c690d3"
                    ]
                ],
                [
                    "query_008_SME25-225",
                    [
                        "1.flag:md5,5bebb6bb53ff7b1b11b87057eabd4f81",
                        "2.flag:md5,7a4a44e9144b0324d4514786fe1a2f49",
                        "7.flag:md5,faf7292155a57f6eb9acdc41e96d9252",
                        "all_hits.fasta:md5,fd55462639b49c420e86bd095bde2986",
                        "all_hits.json:md5,0fe1948836710ca9adc2734d05c6559f",
                        "candidates.csv:md5,25eec772116a72d234b988c74dd7b05a",
                        "candidates.fasta:md5,62998ecf94c4f1cd8ab54ea92d6d3643",
                        "candidates.json:md5,ea2328c184b9b1b7ad421190b4d6eed3",
                        "candidates_count.txt:md5,c81e728d9d4c2f636f067f89cc14862c",
                        "candidates_phylogeny.fasta:md5,be599ae362e2711ea4adcb2d199c90f2",
                        "taxa_of_concern_detected.csv:md5,d740ee68f16e4763c9f0bdfb67c690d3"
                    ]
                ],
                [
                    "query_009_SME25-226",
                    [
                        "1.flag:md5,5bebb6bb53ff7b1b11b87057eabd4f81",
                        "2.flag:md5,7a4a44e9144b0324d4514786fe1a2f49",
                        "7.flag:md5,faf7292155a57f6eb9acdc41e96d9252",
                        "all_hits.fasta:md5,112875f37c09a80506638b366b098b9e",
                        "all_hits.json:md5,76a222d9c81c8f238e4223a02cb4eaaa",
                        "candidates.csv:md5,cf04dd947d72b3e8e80a38bf3ce29ca1",
                        "candidates.fasta:md5,2f1342ee2bd7bbbeea424fa077f59983",
                        "candidates.json:md5,66adebb7113bfc04fc75fa0fc5434cbe",
                        "candidates_count.txt:md5,c81e728d9d4c2f636f067f89cc14862c",
                        "candidates_phylogeny.fasta:md5,a9d68c6b93b43ab4b1b13c9f06edd54d",
                        "taxa_of_concern_detected.csv:md5,d740ee68f16e4763c9f0bdfb67c690d3"
                    ]
                ],
                [
                    "query_010_SME25-227",
                    [
                        "1.flag:md5,25c0c874ad20c71dd34eaa0bb4886afb",
                        "2.flag:md5,53b5ba2b547942d6b79cbc5af93ddb2c",
                        "7.flag:md5,faf7292155a57f6eb9acdc41e96d9252",
                        "all_hits.fasta:md5,b335a7ac52d2ab15c54708550530a6c7",
                        "all_hits.json:md5,5d49c929e39c153564d2f2e0dd35b3ef",
                        "candidates.csv:md5,af57fbca89a319b6b965cc1d559b2fea",
                        "candidates.fasta:md5,d41d8cd98f00b204e9800998ecf8427e",
                        "candidates.json:md5,68a50baa9148008114d7840801acf207",
                        "candidates_count.txt:md5,cfcd208495d565ef66e7dff9f98764da",
                        "candidates_phylogeny.fasta:md5,d41d8cd98f00b204e9800998ecf8427e",
                        "taxa_of_concern_detected.csv:md5,f8f024d04aeadf5929e68afe7b9a3ebf"
                    ]
                ],
                [
                    "query_011_SME25-228",
                    [
                        "1.flag:md5,5bebb6bb53ff7b1b11b87057eabd4f81",
                        "2.flag:md5,7a4a44e9144b0324d4514786fe1a2f49",
                        "7.flag:md5,faf7292155a57f6eb9acdc41e96d9252",
                        "all_hits.fasta:md5,7343200815c076e8252cecbc88a9ed92",
                        "all_hits.json:md5,fa5ae71c0212b9b8dbdd1c567262e242",
                        "candidates.csv:md5,1a573150a551efc089ffae851a2d63c1",
                        "candidates.fasta:md5,1064aeddb5c1a5a42d700a0aa8fab5ac",
                        "candidates.json:md5,2f205e89e46faeb30386bd63ce3ed3c3",
                        "candidates_count.txt:md5,c81e728d9d4c2f636f067f89cc14862c",
                        "candidates_phylogeny.fasta:md5,c0c2859153dba8608d15b18dc2cd2d52",
                        "taxa_of_concern_detected.csv:md5,fe1a5d9e4df7a4d04f007598c2a1e379"
                    ]
                ],
                [
                    "query_012_SME25-229",
                    [
                        "1.flag:md5,5bebb6bb53ff7b1b11b87057eabd4f81",
                        "2.flag:md5,7a4a44e9144b0324d4514786fe1a2f49",
                        "7.flag:md5,faf7292155a57f6eb9acdc41e96d9252",
                        "all_hits.fasta:md5,5531bedbbe28843eecc0e38f248af6b7",
                        "all_hits.json:md5,8a6da32bf8ad65f472b6c601bf109bde",
                        "candidates.csv:md5,a12a5bea60bbca422deb9d16ea271ad6",
                        "candidates.fasta:md5,2f1342ee2bd7bbbeea424fa077f59983",
                        "candidates.json:md5,1ad726a4262e5c6824c5323930f998d2",
                        "candidates_count.txt:md5,c81e728d9d4c2f636f067f89cc14862c",
                        "candidates_phylogeny.fasta:md5,a9d68c6b93b43ab4b1b13c9f06edd54d",
                        "taxa_of_concern_detected.csv:md5,d740ee68f16e4763c9f0bdfb67c690d3"
                    ]
                ],
                [
                    "query_013_SME25-230",
                    [
                        "1.flag:md5,5bebb6bb53ff7b1b11b87057eabd4f81",
                        "2.flag:md5,7a4a44e9144b0324d4514786fe1a2f49",
                        "7.flag:md5,faf7292155a57f6eb9acdc41e96d9252",
                        "all_hits.fasta:md5,5531bedbbe28843eecc0e38f248af6b7",
                        "all_hits.json:md5,22668206b301e1cff179b90711899165",
                        "candidates.csv:md5,8dfe2909cc5f6df8f7b26c58fc96f16b",
                        "candidates.fasta:md5,2f1342ee2bd7bbbeea424fa077f59983",
                        "candidates.json:md5,d2569773b11e8095f7b03d4def9fd458",
                        "candidates_count.txt:md5,c81e728d9d4c2f636f067f89cc14862c",
                        "candidates_phylogeny.fasta:md5,a9d68c6b93b43ab4b1b13c9f06edd54d",
                        "taxa_of_concern_detected.csv:md5,d740ee68f16e4763c9f0bdfb67c690d3"
                    ]
                ],
                [
                    "query_014_SME25-231",
                    [
                        "1.flag:md5,aaf0c8d08bbe7475e0f5a59d03103a05",
                        "2.flag:md5,7a4a44e9144b0324d4514786fe1a2f49",
                        "7.flag:md5,faf7292155a57f6eb9acdc41e96d9252",
                        "all_hits.fasta:md5,50b0c9eba6edfa03f2255b1ef10eec60",
                        "all_hits.json:md5,c9acb968261719850092cfbd1977fff4",
                        "candidates.csv:md5,725ee06a3cf47a83e3edfca2c6b8d5c1",
                        "candidates.fasta:md5,50b0c9eba6edfa03f2255b1ef10eec60",
                        "candidates.json:md5,a16fad17fd74b263adde9e466ad134a5",
                        "candidates_count.txt:md5,e4da3b7fbbce2345d7772b0674a318d5",
                        "candidates_identity_boxplot.png:md5,e3350639ddadbb76c1cd54350288bae8",
                        "candidates_phylogeny.fasta:md5,bd8175b7bd12ded46dbe63a836029f4f",
                        "taxa_of_concern_detected.csv:md5,23fc41aef2c776625f8a64b048045bf0"
                    ]
                ]
            ],
            [
                [
                    "query_001_SME25-218",
                    [
                        "4.flag:md5,91f433daa011bea4ba55fba38e4fe1d5",
                        "aggregated_sources.json:md5,5f1294c572f12ec7929d622fa43e5862",
                        "candidates.json:md5,220bb1ac15e0b38308eb14e686cc8ad6"
                    ]
                ],
                [
                    "query_002_SME25-219",
                    [
                        "4.flag:md5,91f433daa011bea4ba55fba38e4fe1d5",
                        "aggregated_sources.json:md5,e8d254bebe6e8f9ad6f7aba191c12693",
                        "candidates.json:md5,4c44cda52d6e77ed10b6ea5ed796f60d"
                    ]
                ],
                [
                    "query_003_SME25-220",
                    [
                        "4.flag:md5,91f433daa011bea4ba55fba38e4fe1d5",
                        "aggregated_sources.json:md5,c17ed1c78c340a5b95be7568cfa9922e",
                        "candidates.json:md5,197b10a9ac6223259c6369c0c7edff60"
                    ]
                ],
                [
                    "query_004_SME25-221",
                    [
                        [
                            "QUERY_FILE:md5,d41d8cd98f00b204e9800998ecf8427e"
                        ]
                    ]
                ],
                [
                    "query_005_SME25-222",
                    [
                        "4.flag:md5,91f433daa011bea4ba55fba38e4fe1d5",
                        "aggregated_sources.json:md5,5f1294c572f12ec7929d622fa43e5862",
                        "candidates.json:md5,cbf9f043af2b0f236d2ec12aae67e348"
                    ]
                ],
                [
                    "query_006_SME25-223",
                    [
                        "4.flag:md5,91f433daa011bea4ba55fba38e4fe1d5",
                        "aggregated_sources.json:md5,5f1294c572f12ec7929d622fa43e5862",
                        "candidates.json:md5,6228ccb95806063a2c26bccc302e17ba"
                    ]
                ],
                [
                    "query_007_SME25-224",
                    [
                        "4.flag:md5,91f433daa011bea4ba55fba38e4fe1d5",
                        "aggregated_sources.json:md5,5f1294c572f12ec7929d622fa43e5862",
                        "candidates.json:md5,6351e7805084c3ae4fb492f4afc4ae8c"
                    ]
                ],
                [
                    "query_008_SME25-225",
                    [
                        "4.flag:md5,91f433daa011bea4ba55fba38e4fe1d5",
                        "aggregated_sources.json:md5,40c043f9f3fedbae810d1cc8196d6b04",
                        "candidates.json:md5,ea2328c184b9b1b7ad421190b4d6eed3"
                    ]
                ],
                [
                    "query_009_SME25-226",
                    [
                        "4.flag:md5,91f433daa011bea4ba55fba38e4fe1d5",
                        "aggregated_sources.json:md5,5f1294c572f12ec7929d622fa43e5862",
                        "candidates.json:md5,66adebb7113bfc04fc75fa0fc5434cbe"
                    ]
                ],
                [
                    "query_010_SME25-227",
                    [
                        [
                            "QUERY_FILE:md5,d41d8cd98f00b204e9800998ecf8427e"
                        ]
                    ]
                ],
                [
                    "query_011_SME25-228",
                    [
                        "4.flag:md5,fac2580f47f70bf69e0dc81ec677f63b",
                        "aggregated_sources.json:md5,edcb525ba7a6d0234dc706005f45cfa6",
                        "candidates.json:md5,2f205e89e46faeb30386bd63ce3ed3c3"
                    ]
                ],
                [
                    "query_012_SME25-229",
                    [
                        "4.flag:md5,91f433daa011bea4ba55fba38e4fe1d5",
                        "aggregated_sources.json:md5,5f1294c572f12ec7929d622fa43e5862",
                        "candidates.json:md5,1ad726a4262e5c6824c5323930f998d2"
                    ]
                ],
                [
                    "query_013_SME25-230",
                    [
                        "4.flag:md5,91f433daa011bea4ba55fba38e4fe1d5",
                        "aggregated_sources.json:md5,5f1294c572f12ec7929d622fa43e5862",
                        "candidates.json:md5,d2569773b11e8095f7b03d4def9fd458"
                    ]
                ],
                [
                    "query_014_SME25-231",
                    [
                        [
                            "QUERY_FILE:md5,d41d8cd98f00b204e9800998ecf8427e"
                        ]
                    ]
                ]
            ],
            [
                [
                    "query_001_SME25-218",
                    "candidates_phylogeny.nwk:md5,b5f21641ed79ac7715ca1f3ce10ecc46"
                ],
                [
                    "query_002_SME25-219",
                    "candidates_phylogeny.nwk:md5,0b3717b8e7d0f42fed64ff066711f114"
                ],
                [
                    "query_003_SME25-220",
                    "candidates_phylogeny.nwk:md5,db13454f48a3f85cb67a1a015cf57246"
                ],
                [
                    "query_004_SME25-221",
                    "candidates_phylogeny.nwk:md5,d41d8cd98f00b204e9800998ecf8427e"
                ],
                [
                    "query_005_SME25-222",
                    "candidates_phylogeny.nwk:md5,de64b4b5ef2e64e359249c9d90af20f4"
                ],
                [
                    "query_006_SME25-223",
                    "candidates_phylogeny.nwk:md5,0b01b5fb87d256bd2adbb4b423f7a1ee"
                ],
                [
                    "query_007_SME25-224",
                    "candidates_phylogeny.nwk:md5,0c1e62a9d82e61a6eff9657cf510cd93"
                ],
                [
                    "query_008_SME25-225",
                    "candidates_phylogeny.nwk:md5,0881de3d9c89d0d808981319a73a1be2"
                ],
                [
                    "query_009_SME25-226",
                    "candidates_phylogeny.nwk:md5,71a4dfde2505df6289d8db6c656bc4a6"
                ],
                [
                    "query_010_SME25-227",
                    "candidates_phylogeny.nwk:md5,d41d8cd98f00b204e9800998ecf8427e"
                ],
                [
                    "query_011_SME25-228",
                    "candidates_phylogeny.nwk:md5,7fdbf6f399a0886188b5932ebbec6038"
                ],
                [
                    "query_012_SME25-229",
                    "candidates_phylogeny.nwk:md5,3016731cd03e1eea4394a58f149a940d"
                ],
                [
                    "query_013_SME25-230",
                    "candidates_phylogeny.nwk:md5,7fede46e7d3efde27cac9bc8e5227df0"
                ],
                [
                    "query_014_SME25-231",
                    "candidates_phylogeny.nwk:md5,d74da21c5b96a9c0e407d4b66ec40caa"
                ]
            ]
        ],
        "meta": {
            "nf-test": "0.9.3",
            "nextflow": "25.04.6"
        },
        "timestamp": "2026-03-06T05:56:11.636112087"
    }
}