{
    "core": {
        "content": [
            [
                [
                    "query_001_Scenario_01",
                    [
                        "all_hits.fasta:md5,5cad34862851bfe3df8193428dc9b7db",
                        "all_hits.json:md5,3b00f42354bf6b8e9f53d7555df4c19a",
                        "query_title.txt:md5,77ec52e6a3a7d6f379069d854d528615"
                    ]
                ],
                [
                    "query_002_Scenario_02",
                    [
                        "all_hits.fasta:md5,0244095e73d4340c2a31ff908329392a",
                        "all_hits.json:md5,0abd4d7cbae115e0b2f9535299ff8b1e",
                        "query_title.txt:md5,ca6856f3ecc508a0b53ccbde58bff4e1"
                    ]
                ],
                [
                    "query_003_Scenario_03",
                    [
                        "all_hits.fasta:md5,f3d249586066d04125ff50131d8682d0",
                        "all_hits.json:md5,c67b4390c6a87e8767964e8724040b92",
                        "query_title.txt:md5,c33a84382a403a5b14d647e38f8efb39"
                    ]
                ],
                [
                    "query_004_Scenario_04",
                    [
                        "all_hits.fasta:md5,b6f1b8cd6781d969256d7f24d41b542b",
                        "all_hits.json:md5,83af2c0db2e602384eaa439d20208a46",
                        "query_title.txt:md5,aad54948b7a389eb3c53b3348abd04df"
                    ]
                ],
                [
                    "query_005_Scenario_05",
                    [
                        "all_hits.fasta:md5,525eaa6e990888b20b8b1c20b2e65c8b",
                        "all_hits.json:md5,06e709c32c9affa2e359a93fcd9970c4",
                        "query_title.txt:md5,cc891360d979a965c082a74ed99dcb90"
                    ]
                ],
                [
                    "query_006_barcode_57_1916-01_Grapevine_virus_E_cluster_0_RC2300",
                    [
                        "all_hits.fasta:md5,1c1369118fa888c5ec1a31984556b2f4",
                        "all_hits.json:md5,1927182ccac016810a7403280e61c898",
                        "query_title.txt:md5,7ab0a9f6b4100c11de3b4475091c004d"
                    ]
                ],
                [
                    "query_007_barcode_59_1906-01_AB_Apple_hammerhead_viroid_cluster_0_RC3653",
                    [
                        "all_hits.fasta:md5,48d890e9840013359efaaf5681a94b3b",
                        "all_hits.json:md5,775a1f680c84b5e81d9243cb87396eb8",
                        "query_title.txt:md5,c99f1fdb5e14df99efb88af8d9fc501c"
                    ]
                ],
                [
                    "query_008_barcode_71_RID8937-1_MOL-016_cluster_14_RC424",
                    [
                        "all_hits.fasta:md5,7174761082ba8d01870f5df8022841b1",
                        "all_hits.json:md5,be78a5bb84bd49640c5c74e7c548929b",
                        "query_title.txt:md5,16f444d3ad11cbeb4f45f71550e6fbc9"
                    ]
                ],
                [
                    "query_009_barcode_73_rid8934-1-1_MOL-025_cluster_7_RC62",
                    [
                        "all_hits.fasta:md5,89663ff24c37353f2a8a7f6335b023b3",
                        "all_hits.json:md5,23b2c1c6d6b765bdbd404dfffbbd5e21",
                        "query_title.txt:md5,f9d6eb601da349da1b7535ec342142fa"
                    ]
                ],
                [
                    "query_010_barcode_83_P59_Potyviridae_cluster_0_RC205",
                    [
                        "all_hits.fasta:md5,3b021f0363c2c3cbd263024ae8035810",
                        "all_hits.json:md5,0f95d7f60229bf36537ec6dc9b6bcc93",
                        "query_title.txt:md5,325655664d67ad26eb5a52512695667a"
                    ]
                ],
                [
                    "query_011_barcode_86_BMP24-003_QA240001575_X_citri_cluster_0_RC199",
                    [
                        "all_hits.fasta:md5,41c546e32c5347d44599a3fbe6b4714e",
                        "all_hits.json:md5,98f53034128467c10108a283998a02bd",
                        "query_title.txt:md5,4be3520dcd3ee73004daa568808a09e2"
                    ]
                ],
                [
                    "query_012_barcode_90_Bljuzgavac_Grapevine_vitivirus_cluster_4_RC263",
                    [
                        "all_hits.fasta:md5,7581a98981e7fc34d413488bc8e43b6d",
                        "all_hits.json:md5,cc2d644a06fb6d50e7df228ac434ccbf",
                        "query_title.txt:md5,aedc2617405d3942beccf72f9e4c2188"
                    ]
                ],
                [
                    "query_013_SME25-218",
                    [
                        "all_hits.fasta:md5,de848120088d2d35319ae2201d361503",
                        "all_hits.json:md5,0546759f78971d4d8db0630ceb180915",
                        "query_title.txt:md5,c016e58d988e508397d5eedb01046129"
                    ]
                ],
                [
                    "query_014_SME25-221",
                    [
                        "all_hits.fasta:md5,79740ff447c6aa024d4073df8974d327",
                        "all_hits.json:md5,dfcac36daf3ee2b413f1ac212cd2f3e1",
                        "query_title.txt:md5,432ae342e1c2894959033d86459bd4d3"
                    ]
                ],
                [
                    "query_015_barcode84_contig1_PE250203-B_REP1_KAPA",
                    [
                        "all_hits.fasta:md5,616eed4faf784cc826fc7f5c78227c30",
                        "all_hits.json:md5,b38305c1f87e8cce9ee11c923075f092",
                        "query_title.txt:md5,7b1f72fcf5a96aab830cbae34d7b4a78"
                    ]
                ],
                [
                    "query_016_MG220521_3",
                    [
                        "all_hits.fasta:md5,c4cf22b5ded0129c5f032ebccf6b088e",
                        "all_hits.json:md5,a9b21219895ab353f826af305fb2faea",
                        "query_title.txt:md5,60367492936da730fa77a30e00fca06d"
                    ]
                ],
                [
                    "query_017_VE24-1351_COI",
                    [
                        "all_hits.fasta:md5,c796d10341c6d09d22545d112502aed9",
                        "all_hits.json:md5,edc2d30322347ae16e90228c1f8c318c",
                        "query_title.txt:md5,2e919946562b8129c51c899a95d1ced3"
                    ]
                ],
                [
                    "query_018_FungusB_Btub",
                    [
                        "all_hits.fasta:md5,796daa4294464438957c6b0f64f491a3",
                        "all_hits.json:md5,bdfc5f1c8ccd3ada8021e7aca0e861cf",
                        "query_title.txt:md5,b7c767e288abc3aaa752884eabe2d2c6"
                    ]
                ],
                [
                    "query_019_MP23-0432_matK",
                    [
                        "all_hits.fasta:md5,a952f1d0dacb3b3799513b8f3aecabdf",
                        "all_hits.json:md5,75232142227beff519f6a750ea59fccf",
                        "query_title.txt:md5,87e873ff005c85b3da7b6638fd039733"
                    ]
                ],
                [
                    "query_020_512503_1_Andrew",
                    [
                        "all_hits.fasta:md5,7a82db40213ee139e921bc9604013d9d",
                        "all_hits.json:md5,66de68098ce44ae6637cedf43b37d4f0",
                        "query_title.txt:md5,214aa9326069f7781cbf363380b5f397"
                    ]
                ]
            ],
            [
                [
                    "query_001_Scenario_01",
                    [
                        "1.flag:md5,5bebb6bb53ff7b1b11b87057eabd4f81",
                        "2.flag:md5,7a4a44e9144b0324d4514786fe1a2f49",
                        "7.flag:md5,faf7292155a57f6eb9acdc41e96d9252",
                        "all_hits.fasta:md5,5cad34862851bfe3df8193428dc9b7db",
                        "all_hits.json:md5,3b00f42354bf6b8e9f53d7555df4c19a",
                        "candidates.csv:md5,67c0d27995033f99eade6c6deb959b46",
                        "candidates.fasta:md5,5cad34862851bfe3df8193428dc9b7db",
                        "candidates.json:md5,c93cd91b5fb14b7f152ffbd3c1441d23",
                        "candidates_count.txt:md5,c81e728d9d4c2f636f067f89cc14862c",
                        "candidates_phylogeny.fasta:md5,352777e7c4514c5c5257242a6df2c8be",
                        "query_title.txt:md5,77ec52e6a3a7d6f379069d854d528615",
                        "taxa_of_concern_detected.csv:md5,4831366841651c7f07f402d0d46db0a4"
                    ]
                ],
                [
                    "query_002_Scenario_02",
                    [
                        "1.flag:md5,f3d93e417259ddd4ae40f327a564095e",
                        "2.flag:md5,53b5ba2b547942d6b79cbc5af93ddb2c",
                        "7.flag:md5,34336abcf46f9652fe2f2e87d6138a1c",
                        "all_hits.fasta:md5,0244095e73d4340c2a31ff908329392a",
                        "all_hits.json:md5,0abd4d7cbae115e0b2f9535299ff8b1e",
                        "assigned_taxonomy.csv:md5,50cb155c6115b828e8e3c8fb12cb458a",
                        "candidates.csv:md5,5f144a4faa408e42068a01793c5e14d6",
                        "candidates.fasta:md5,7f6230f5968bce9c7349fda37f84b8bd",
                        "candidates.json:md5,0d17ac96aff6a4519b892f989df66a4a",
                        "candidates_count.txt:md5,c4ca4238a0b923820dcc509a6f75849b",
                        "candidates_phylogeny.fasta:md5,99970c60ef66bdef06629ae50abf2cd8",
                        "query_title.txt:md5,ca6856f3ecc508a0b53ccbde58bff4e1",
                        "taxa_of_concern_detected.csv:md5,664dd579bb7573f8568e5ae7d49230f4"
                    ]
                ],
                [
                    "query_003_Scenario_03",
                    [
                        "1.flag:md5,aaf0c8d08bbe7475e0f5a59d03103a05",
                        "2.flag:md5,7a4a44e9144b0324d4514786fe1a2f49",
                        "7.flag:md5,faf7292155a57f6eb9acdc41e96d9252",
                        "all_hits.fasta:md5,f3d249586066d04125ff50131d8682d0",
                        "all_hits.json:md5,c67b4390c6a87e8767964e8724040b92",
                        "candidates.csv:md5,a68d59060d7275ab614ddcd27ad68a7c",
                        "candidates.fasta:md5,25386b12b0fce5c7e944d04488322d71",
                        "candidates.json:md5,effa119b4ceac59dfdcbc6b0ed687f11",
                        "candidates_count.txt:md5,e4da3b7fbbce2345d7772b0674a318d5",
                        "candidates_identity_boxplot.png:md5,7a1e147c3fa7e7bb740e8e18b8773fd3",
                        "candidates_phylogeny.fasta:md5,a60d8c0bf4be5a5a8c59c92e2aeab168",
                        "query_title.txt:md5,c33a84382a403a5b14d647e38f8efb39",
                        "taxa_of_concern_detected.csv:md5,e755c9052c67ed470c6704565cd9c495"
                    ]
                ],
                [
                    "query_004_Scenario_04",
                    [
                        "1.flag:md5,f3d93e417259ddd4ae40f327a564095e",
                        "2.flag:md5,7a4a44e9144b0324d4514786fe1a2f49",
                        "7.flag:md5,472edcd570b5eb18b9787dec25255f47",
                        "all_hits.fasta:md5,b6f1b8cd6781d969256d7f24d41b542b",
                        "all_hits.json:md5,83af2c0db2e602384eaa439d20208a46",
                        "assigned_taxonomy.csv:md5,ad9efbb641106558d9a7096e0f1d776c",
                        "candidates.csv:md5,b655c492125534282ebeaa3add9c2df8",
                        "candidates.fasta:md5,a1b53057f59fec117e31ed3d7a7d1d7b",
                        "candidates.json:md5,dc4789874e78aed63a4a63461ba6910e",
                        "candidates_count.txt:md5,c4ca4238a0b923820dcc509a6f75849b",
                        "candidates_phylogeny.fasta:md5,93a38fd2c222479308e70963525f4a2f",
                        "preliminary_id_match.csv:md5,dac6f98056089e9cfa537c32fe99c309",
                        "query_title.txt:md5,aad54948b7a389eb3c53b3348abd04df",
                        "taxa_of_concern_detected.csv:md5,d227e5d7c525acee378bff94b586361a"
                    ]
                ],
                [
                    "query_005_Scenario_05",
                    [
                        "1.flag:md5,e48eb085772ecd7cb78c1c1cd6e09a24",
                        "2.flag:md5,7a4a44e9144b0324d4514786fe1a2f49",
                        "7.flag:md5,faf7292155a57f6eb9acdc41e96d9252",
                        "all_hits.fasta:md5,525eaa6e990888b20b8b1c20b2e65c8b",
                        "all_hits.json:md5,06e709c32c9affa2e359a93fcd9970c4",
                        "candidates.csv:md5,524cf93c4a134a0455b861a99d9cf053",
                        "candidates.fasta:md5,573663bb0d8c359356c642fe63d1c138",
                        "candidates.json:md5,e8c8da3e71c7728653b4fbd163e188d1",
                        "candidates_count.txt:md5,1f0e3dad99908345f7439f8ffabdffc4",
                        "candidates_identity_boxplot.png:md5,3563130f4ebdd4dd7a3483a2bd8f98e4",
                        "candidates_phylogeny.fasta:md5,6cd6a0a0f073f4f67cae3ff5bec90e17",
                        "query_title.txt:md5,cc891360d979a965c082a74ed99dcb90",
                        "taxa_of_concern_detected.csv:md5,e45c7972589aa0f88ce1daf7d5ae39f2"
                    ]
                ],
                [
                    "query_006_barcode_57_1916-01_Grapevine_virus_E_cluster_0_RC2300",
                    [
                        "1.flag:md5,5bebb6bb53ff7b1b11b87057eabd4f81",
                        "2.flag:md5,53b5ba2b547942d6b79cbc5af93ddb2c",
                        "7.flag:md5,faf7292155a57f6eb9acdc41e96d9252",
                        "all_hits.fasta:md5,1c1369118fa888c5ec1a31984556b2f4",
                        "all_hits.json:md5,1927182ccac016810a7403280e61c898",
                        "candidates.csv:md5,3afc3f8c1cea3d16cf78aa5e42d9b2f0",
                        "candidates.fasta:md5,566e7735a13ef6bfdffb0055c6cd726f",
                        "candidates.json:md5,f71818db32aa4d3fc300990a54119302",
                        "candidates_count.txt:md5,c81e728d9d4c2f636f067f89cc14862c",
                        "candidates_phylogeny.fasta:md5,4dd29ba044e96dfb32edf230b81b5186",
                        "query_title.txt:md5,7ab0a9f6b4100c11de3b4475091c004d",
                        "taxa_of_concern_detected.csv:md5,8276201a649c39b01c15c34867465954"
                    ]
                ],
                [
                    "query_007_barcode_59_1906-01_AB_Apple_hammerhead_viroid_cluster_0_RC3653",
                    [
                        "1.flag:md5,e48eb085772ecd7cb78c1c1cd6e09a24",
                        "2.flag:md5,53b5ba2b547942d6b79cbc5af93ddb2c",
                        "7.flag:md5,faf7292155a57f6eb9acdc41e96d9252",
                        "all_hits.fasta:md5,48d890e9840013359efaaf5681a94b3b",
                        "all_hits.json:md5,775a1f680c84b5e81d9243cb87396eb8",
                        "candidates.csv:md5,9726bccc16221362d58c02f2ed11db0d",
                        "candidates.fasta:md5,e7abb62fe2ba90b63736f3cef10e2851",
                        "candidates.json:md5,ea8cefaa03c633d2dfc2dbee5d5d670c",
                        "candidates_count.txt:md5,c4ca4238a0b923820dcc509a6f75849b",
                        "candidates_phylogeny.fasta:md5,bbb55bbf83ef9b68c7e541cc8bcc08bd",
                        "query_title.txt:md5,c99f1fdb5e14df99efb88af8d9fc501c",
                        "taxa_of_concern_detected.csv:md5,3b8a288f5471f37eb5f6c651efecff59"
                    ]
                ],
                [
                    "query_008_barcode_71_RID8937-1_MOL-016_cluster_14_RC424",
                    [
                        "1.flag:md5,25c0c874ad20c71dd34eaa0bb4886afb",
                        "2.flag:md5,53b5ba2b547942d6b79cbc5af93ddb2c",
                        "7.flag:md5,faf7292155a57f6eb9acdc41e96d9252",
                        "all_hits.fasta:md5,7174761082ba8d01870f5df8022841b1",
                        "all_hits.json:md5,be78a5bb84bd49640c5c74e7c548929b",
                        "candidates.csv:md5,af57fbca89a319b6b965cc1d559b2fea",
                        "candidates.fasta:md5,d41d8cd98f00b204e9800998ecf8427e",
                        "candidates.json:md5,f48b9801436f12b7550dc3b7863ac12f",
                        "candidates_count.txt:md5,cfcd208495d565ef66e7dff9f98764da",
                        "candidates_phylogeny.fasta:md5,d41d8cd98f00b204e9800998ecf8427e",
                        "query_title.txt:md5,16f444d3ad11cbeb4f45f71550e6fbc9",
                        "taxa_of_concern_detected.csv:md5,da189325cc4131bf7ee2ecc39e24a8e8"
                    ]
                ],
                [
                    "query_009_barcode_73_rid8934-1-1_MOL-025_cluster_7_RC62",
                    [
                        "1.flag:md5,25c0c874ad20c71dd34eaa0bb4886afb",
                        "2.flag:md5,53b5ba2b547942d6b79cbc5af93ddb2c",
                        "7.flag:md5,faf7292155a57f6eb9acdc41e96d9252",
                        "all_hits.fasta:md5,89663ff24c37353f2a8a7f6335b023b3",
                        "all_hits.json:md5,23b2c1c6d6b765bdbd404dfffbbd5e21",
                        "candidates.csv:md5,af57fbca89a319b6b965cc1d559b2fea",
                        "candidates.fasta:md5,d41d8cd98f00b204e9800998ecf8427e",
                        "candidates.json:md5,6288ac6f1ec5c1acc158d818ca78aa40",
                        "candidates_count.txt:md5,cfcd208495d565ef66e7dff9f98764da",
                        "candidates_phylogeny.fasta:md5,d41d8cd98f00b204e9800998ecf8427e",
                        "query_title.txt:md5,f9d6eb601da349da1b7535ec342142fa",
                        "taxa_of_concern_detected.csv:md5,888db07bd8141921ca21646f9ef494f0"
                    ]
                ],
                [
                    "query_010_barcode_83_P59_Potyviridae_cluster_0_RC205",
                    [
                        "1.flag:md5,f3d93e417259ddd4ae40f327a564095e",
                        "2.flag:md5,7a4a44e9144b0324d4514786fe1a2f49",
                        "7.flag:md5,472edcd570b5eb18b9787dec25255f47",
                        "all_hits.fasta:md5,3b021f0363c2c3cbd263024ae8035810",
                        "all_hits.json:md5,0f95d7f60229bf36537ec6dc9b6bcc93",
                        "assigned_taxonomy.csv:md5,6b9e4f32f6fc0a773e6e102ea884c94b",
                        "candidates.csv:md5,4533a5d9c1d745579c1128d90bcd8746",
                        "candidates.fasta:md5,5924ae7cad3612182279955786cc1114",
                        "candidates.json:md5,790c12ef392bdc0ca55c9e986753a648",
                        "candidates_count.txt:md5,c4ca4238a0b923820dcc509a6f75849b",
                        "candidates_phylogeny.fasta:md5,e45ff3388a3f2a8e4cc43b3ccca72d20",
                        "preliminary_id_match.csv:md5,f6e80777c39e19dec9d28a2f5c01cea2",
                        "query_title.txt:md5,325655664d67ad26eb5a52512695667a",
                        "taxa_of_concern_detected.csv:md5,edacc9dafccae95bffc3331bcf74c1e2"
                    ]
                ],
                [
                    "query_011_barcode_86_BMP24-003_QA240001575_X_citri_cluster_0_RC199",
                    [
                        "1.flag:md5,5bebb6bb53ff7b1b11b87057eabd4f81",
                        "2.flag:md5,7a4a44e9144b0324d4514786fe1a2f49",
                        "7.flag:md5,faf7292155a57f6eb9acdc41e96d9252",
                        "all_hits.fasta:md5,41c546e32c5347d44599a3fbe6b4714e",
                        "all_hits.json:md5,98f53034128467c10108a283998a02bd",
                        "candidates.csv:md5,d157c65e615656b0697d361cc60494cc",
                        "candidates.fasta:md5,3623e48a8baf308ddb9e1265e92f9d71",
                        "candidates.json:md5,ee4036e5ee43a8cf6b2aac363ed81ab1",
                        "candidates_count.txt:md5,eccbc87e4b5ce2fe28308fd9f2a7baf3",
                        "candidates_phylogeny.fasta:md5,2ce89251808940d97c9ef75d59f0de7f",
                        "query_title.txt:md5,4be3520dcd3ee73004daa568808a09e2",
                        "taxa_of_concern_detected.csv:md5,2994ca0d9fb56cc7920ae5d7fd3fa840"
                    ]
                ],
                [
                    "query_012_barcode_90_Bljuzgavac_Grapevine_vitivirus_cluster_4_RC263",
                    [
                        "1.flag:md5,f3d93e417259ddd4ae40f327a564095e",
                        "2.flag:md5,53b5ba2b547942d6b79cbc5af93ddb2c",
                        "7.flag:md5,34336abcf46f9652fe2f2e87d6138a1c",
                        "all_hits.fasta:md5,7581a98981e7fc34d413488bc8e43b6d",
                        "all_hits.json:md5,cc2d644a06fb6d50e7df228ac434ccbf",
                        "assigned_taxonomy.csv:md5,ed7ec37ebf2352373fbc86bcd03bb2a9",
                        "candidates.csv:md5,51a75c713c3ead44e9681994207ae49a",
                        "candidates.fasta:md5,7581a98981e7fc34d413488bc8e43b6d",
                        "candidates.json:md5,f64d0a959abb0cac417bd56c4b540ff1",
                        "candidates_count.txt:md5,c4ca4238a0b923820dcc509a6f75849b",
                        "candidates_phylogeny.fasta:md5,65f050bf1adc9ce823b901447f82d604",
                        "query_title.txt:md5,aedc2617405d3942beccf72f9e4c2188",
                        "taxa_of_concern_detected.csv:md5,9fb56da06592a080910735a64d462398"
                    ]
                ],
                [
                    "query_013_SME25-218",
                    [
                        "1.flag:md5,5bebb6bb53ff7b1b11b87057eabd4f81",
                        "2.flag:md5,7a4a44e9144b0324d4514786fe1a2f49",
                        "7.flag:md5,faf7292155a57f6eb9acdc41e96d9252",
                        "all_hits.fasta:md5,de848120088d2d35319ae2201d361503",
                        "all_hits.json:md5,0546759f78971d4d8db0630ceb180915",
                        "candidates.csv:md5,8a43c6ff453b3486f68b073a209a0695",
                        "candidates.fasta:md5,06572de121b40096a90a50136bb13ce7",
                        "candidates.json:md5,fac4b253e0f80ca3955677d3ecceb4e3",
                        "candidates_count.txt:md5,c81e728d9d4c2f636f067f89cc14862c",
                        "candidates_phylogeny.fasta:md5,809a008b1a52eebd026cef6b70cd7561",
                        "query_title.txt:md5,c016e58d988e508397d5eedb01046129",
                        "taxa_of_concern_detected.csv:md5,ace46b6b52d3c2c0a76bcaedea23add0"
                    ]
                ],
                [
                    "query_014_SME25-221",
                    [
                        "1.flag:md5,25c0c874ad20c71dd34eaa0bb4886afb",
                        "2.flag:md5,53b5ba2b547942d6b79cbc5af93ddb2c",
                        "7.flag:md5,faf7292155a57f6eb9acdc41e96d9252",
                        "all_hits.fasta:md5,79740ff447c6aa024d4073df8974d327",
                        "all_hits.json:md5,dfcac36daf3ee2b413f1ac212cd2f3e1",
                        "candidates.csv:md5,af57fbca89a319b6b965cc1d559b2fea",
                        "candidates.fasta:md5,d41d8cd98f00b204e9800998ecf8427e",
                        "candidates.json:md5,b786cbc81b7c084a1f61f431c7901b75",
                        "candidates_count.txt:md5,cfcd208495d565ef66e7dff9f98764da",
                        "candidates_phylogeny.fasta:md5,d41d8cd98f00b204e9800998ecf8427e",
                        "query_title.txt:md5,432ae342e1c2894959033d86459bd4d3",
                        "taxa_of_concern_detected.csv:md5,1e1ce46fabf100e3fe6a79ed24bf16cc"
                    ]
                ],
                [
                    "query_015_barcode84_contig1_PE250203-B_REP1_KAPA",
                    [
                        "1.flag:md5,5bebb6bb53ff7b1b11b87057eabd4f81",
                        "2.flag:md5,53b5ba2b547942d6b79cbc5af93ddb2c",
                        "7.flag:md5,faf7292155a57f6eb9acdc41e96d9252",
                        "all_hits.fasta:md5,616eed4faf784cc826fc7f5c78227c30",
                        "all_hits.json:md5,b38305c1f87e8cce9ee11c923075f092",
                        "candidates.csv:md5,b237364d561f6b794467d2d06822c3a0",
                        "candidates.fasta:md5,0b1ece362dd18a024df90c55962a8806",
                        "candidates.json:md5,15ed6456e398b12eb7b02cb26ebab9fe",
                        "candidates_count.txt:md5,c81e728d9d4c2f636f067f89cc14862c",
                        "candidates_phylogeny.fasta:md5,eaead77a84a0c3d38742640d8a05cccb",
                        "query_title.txt:md5,7b1f72fcf5a96aab830cbae34d7b4a78",
                        "taxa_of_concern_detected.csv:md5,aae74d8974a6b4ca04158313ee0f2fd7"
                    ]
                ],
                [
                    "query_016_MG220521_3",
                    [
                        "1.flag:md5,e48eb085772ecd7cb78c1c1cd6e09a24",
                        "2.flag:md5,7a4a44e9144b0324d4514786fe1a2f49",
                        "7.flag:md5,faf7292155a57f6eb9acdc41e96d9252",
                        "all_hits.fasta:md5,c4cf22b5ded0129c5f032ebccf6b088e",
                        "all_hits.json:md5,a9b21219895ab353f826af305fb2faea",
                        "candidates.csv:md5,6647aec62ab445a79454dc3346f63279",
                        "candidates.fasta:md5,6dde2d8e5966d3c9fb4ef3a074824e0f",
                        "candidates.json:md5,a289542fc4af0e676e2f75924ced9f67",
                        "candidates_count.txt:md5,1679091c5a880faf6fb5e6087eb1b2dc",
                        "candidates_identity_boxplot.png:md5,68f063b883fa2513cacd68078876b26a",
                        "candidates_phylogeny.fasta:md5,1db637bce0f4c64a6df26b81ab340ee8",
                        "query_title.txt:md5,60367492936da730fa77a30e00fca06d",
                        "taxa_of_concern_detected.csv:md5,39d1bf2a6fb9c316a7d5ed765daad4f6"
                    ]
                ],
                [
                    "query_017_VE24-1351_COI",
                    [
                        "1.flag:md5,5bebb6bb53ff7b1b11b87057eabd4f81",
                        "2.flag:md5,7a4a44e9144b0324d4514786fe1a2f49",
                        "7.flag:md5,faf7292155a57f6eb9acdc41e96d9252",
                        "all_hits.fasta:md5,c796d10341c6d09d22545d112502aed9",
                        "all_hits.json:md5,edc2d30322347ae16e90228c1f8c318c",
                        "candidates.csv:md5,d4e6d8fc143dfc11115a03c44a33cce5",
                        "candidates.fasta:md5,0f9ddaca283ade018f81f884612636ca",
                        "candidates.json:md5,6241dca3ca17701db190cbc9094917d1",
                        "candidates_count.txt:md5,eccbc87e4b5ce2fe28308fd9f2a7baf3",
                        "candidates_phylogeny.fasta:md5,b5f61042952427dc8d4b4750499ea0a3",
                        "query_title.txt:md5,2e919946562b8129c51c899a95d1ced3",
                        "taxa_of_concern_detected.csv:md5,1e184f4f185ee7d50a15fae187ee97f7"
                    ]
                ],
                [
                    "query_018_FungusB_Btub",
                    [
                        "1.flag:md5,aaf0c8d08bbe7475e0f5a59d03103a05",
                        "2.flag:md5,7b61bdfa0bda019f07a812b2acfd296c",
                        "7.flag:md5,faf7292155a57f6eb9acdc41e96d9252",
                        "all_hits.fasta:md5,796daa4294464438957c6b0f64f491a3",
                        "all_hits.json:md5,bdfc5f1c8ccd3ada8021e7aca0e861cf",
                        "candidates.csv:md5,04280d9caa6bd8cf132ae4e09e7226d0",
                        "candidates.fasta:md5,e3d148741f4ac2204e8864d5ec4e3575",
                        "candidates.json:md5,d371b00cbd498e25fed39e995bc69ab0",
                        "candidates_count.txt:md5,8f14e45fceea167a5a36dedd4bea2543",
                        "candidates_identity_boxplot.png:md5,d122e6115b07d3507068315d6b5734af",
                        "candidates_phylogeny.fasta:md5,4bf444da5c6a648129a340b31b08a0eb",
                        "query_title.txt:md5,b7c767e288abc3aaa752884eabe2d2c6"
                    ]
                ],
                [
                    "query_019_MP23-0432_matK",
                    [
                        "1.flag:md5,aaf0c8d08bbe7475e0f5a59d03103a05",
                        "2.flag:md5,53b5ba2b547942d6b79cbc5af93ddb2c",
                        "7.flag:md5,faf7292155a57f6eb9acdc41e96d9252",
                        "all_hits.fasta:md5,a952f1d0dacb3b3799513b8f3aecabdf",
                        "all_hits.json:md5,75232142227beff519f6a750ea59fccf",
                        "candidates.csv:md5,3fd6addb3a246c9ad0a18d234092f8d2",
                        "candidates.fasta:md5,fec02241e9a3b7c677fa03f3b7a11763",
                        "candidates.json:md5,272787e313667b4fa3ba5dd7ea249a14",
                        "candidates_count.txt:md5,aab3238922bcc25a6f606eb525ffdc56",
                        "candidates_identity_boxplot.png:md5,42127551ce11869297181ef0131528af",
                        "candidates_phylogeny.fasta:md5,a72556e7895a9c6a330abe8a66a17c60",
                        "query_title.txt:md5,87e873ff005c85b3da7b6638fd039733",
                        "taxa_of_concern_detected.csv:md5,0dcf5b8014b477c78806855f04f19c2d"
                    ]
                ],
                [
                    "query_020_512503_1_Andrew",
                    [
                        "1.flag:md5,f3d93e417259ddd4ae40f327a564095e",
                        "2.flag:md5,53b5ba2b547942d6b79cbc5af93ddb2c",
                        "7.flag:md5,34336abcf46f9652fe2f2e87d6138a1c",
                        "all_hits.fasta:md5,7a82db40213ee139e921bc9604013d9d",
                        "all_hits.json:md5,66de68098ce44ae6637cedf43b37d4f0",
                        "assigned_taxonomy.csv:md5,e1ef3ad78edcdd34b0b98a532bdbb8fb",
                        "candidates.csv:md5,a625493a372fa61ecd28af6d134f2a48",
                        "candidates.fasta:md5,36cf19a1245ec48329a34fbc1c4f006c",
                        "candidates.json:md5,01851f43406fba8cc81d7cc05189a103",
                        "candidates_count.txt:md5,c4ca4238a0b923820dcc509a6f75849b",
                        "candidates_phylogeny.fasta:md5,4065cb9eccb0f2637cfe8fc87bb85202",
                        "query_title.txt:md5,214aa9326069f7781cbf363380b5f397",
                        "taxa_of_concern_detected.csv:md5,9b10e46f0b004c62923cbf1c68e99602"
                    ]
                ]
            ],
            [
                [
                    "query_001_Scenario_01",
                    [
                        "4.flag:md5,945cbb67412855f852f458ee344aca2c",
                        "aggregated_sources.json:md5,fa35821690172bcec57367c2f4101cdf"
                    ]
                ],
                [
                    "query_002_Scenario_02",
                    [
                        "4.flag:md5,5a34cf25137221614401e52932ce5b60",
                        "aggregated_sources.json:md5,4f79238863cffd8b3dc17ac10d931647"
                    ]
                ],
                [
                    "query_003_Scenario_03",
                    [
                        
                    ]
                ],
                [
                    "query_004_Scenario_04",
                    [
                        "4.flag:md5,f2a5837d38b679ec1ac138d885608b32",
                        "aggregated_sources.json:md5,7efa7a36f707a2226863ce12e091bbe4"
                    ]
                ],
                [
                    "query_005_Scenario_05",
                    [
                        
                    ]
                ],
                [
                    "query_006_barcode_57_1916-01_Grapevine_virus_E_cluster_0_RC2300",
                    [
                        "4.flag:md5,e81f93c0c8d770ae83f6221766f5d1bd",
                        "aggregated_sources.json:md5,87b91acfb0dd96630d287503caa73706"
                    ]
                ],
                [
                    "query_007_barcode_59_1906-01_AB_Apple_hammerhead_viroid_cluster_0_RC3653",
                    [
                        "4.flag:md5,c50fd5608ac6cc7f3eaac86933398068",
                        "aggregated_sources.json:md5,d5fda9cf33962e1033686ee4cd753d75"
                    ]
                ],
                [
                    "query_008_barcode_71_RID8937-1_MOL-016_cluster_14_RC424",
                    [
                        
                    ]
                ],
                [
                    "query_009_barcode_73_rid8934-1-1_MOL-025_cluster_7_RC62",
                    [
                        
                    ]
                ],
                [
                    "query_010_barcode_83_P59_Potyviridae_cluster_0_RC205",
                    [
                        "4.flag:md5,45df89b3ade4985e283867800366883c",
                        "aggregated_sources.json:md5,4705cb8ccf3cee8037dc1a2c05ba5c07"
                    ]
                ],
                [
                    "query_011_barcode_86_BMP24-003_QA240001575_X_citri_cluster_0_RC199",
                    [
                        "4.flag:md5,ec99da4a6686978626144362e146786a",
                        "aggregated_sources.json:md5,b49bcbd3d667993b823cc7fd8809ca99"
                    ]
                ],
                [
                    "query_012_barcode_90_Bljuzgavac_Grapevine_vitivirus_cluster_4_RC263",
                    [
                        "4.flag:md5,ccfeb6c8af76007ff32ffdf54c392b48",
                        "aggregated_sources.json:md5,1310800522cd8374c044afafb56113e7"
                    ]
                ],
                [
                    "query_013_SME25-218",
                    [
                        "4.flag:md5,91f433daa011bea4ba55fba38e4fe1d5",
                        "aggregated_sources.json:md5,c04e764de8b32e57c58c7ee1ff8253ac"
                    ]
                ],
                [
                    "query_014_SME25-221",
                    [
                        
                    ]
                ],
                [
                    "query_015_barcode84_contig1_PE250203-B_REP1_KAPA",
                    [
                        "4.flag:md5,014886099a8d6a72f203c50454be3604",
                        "aggregated_sources.json:md5,d00aac8224f7ce71b97602e32bad7eb6"
                    ]
                ],
                [
                    "query_016_MG220521_3",
                    [
                        
                    ]
                ],
                [
                    "query_017_VE24-1351_COI",
                    [
                        "4.flag:md5,495867e0ffba8b0ee9fd8c9b041dfc83",
                        "aggregated_sources.json:md5,d14cc0bd50e20c18cd5d3030a8779d07"
                    ]
                ],
                [
                    "query_018_FungusB_Btub",
                    [
                        
                    ]
                ],
                [
                    "query_019_MP23-0432_matK",
                    [
                        
                    ]
                ],
                [
                    "query_020_512503_1_Andrew",
                    [
                        "4.flag:md5,39bdc66f4924abda746a6c15789162bf",
                        "aggregated_sources.json:md5,5efca1474528e167093514a884798c55"
                    ]
                ]
            ],
            [
                [
                    "query_001_Scenario_01",
                    "candidates_phylogeny.nwk:md5,4d947d4f9b08ce474a16829666ca3329"
                ],
                [
                    "query_002_Scenario_02",
                    "candidates_phylogeny.nwk:md5,09e5327b844129a4f909a684bdd8e8da"
                ],
                [
                    "query_003_Scenario_03",
                    "candidates_phylogeny.nwk:md5,77c318e241be3b83254271a265085c8a"
                ],
                [
                    "query_004_Scenario_04",
                    "candidates_phylogeny.nwk:md5,22a336674df88f0c481945913b3b99bf"
                ],
                [
                    "query_005_Scenario_05",
                    "candidates_phylogeny.nwk:md5,05a06adc0e6db3b14a1275eaf98c26e1"
                ],
                [
                    "query_006_barcode_57_1916-01_Grapevine_virus_E_cluster_0_RC2300",
                    "candidates_phylogeny.nwk:md5,3c9262eba89254c709f38f95e0c92153"
                ],
                [
                    "query_007_barcode_59_1906-01_AB_Apple_hammerhead_viroid_cluster_0_RC3653",
                    "candidates_phylogeny.nwk:md5,e1bc326bc30ab7ab7ba6868ba313945f"
                ],
                [
                    "query_008_barcode_71_RID8937-1_MOL-016_cluster_14_RC424",
                    "candidates_phylogeny.nwk:md5,d41d8cd98f00b204e9800998ecf8427e"
                ],
                [
                    "query_009_barcode_73_rid8934-1-1_MOL-025_cluster_7_RC62",
                    "candidates_phylogeny.nwk:md5,d41d8cd98f00b204e9800998ecf8427e"
                ],
                [
                    "query_010_barcode_83_P59_Potyviridae_cluster_0_RC205",
                    "candidates_phylogeny.nwk:md5,6976583d98c079877522f56dc1a5f4ad"
                ],
                [
                    "query_011_barcode_86_BMP24-003_QA240001575_X_citri_cluster_0_RC199",
                    "candidates_phylogeny.nwk:md5,1d4712167bca6ae96a97ac4c39d8776c"
                ],
                [
                    "query_012_barcode_90_Bljuzgavac_Grapevine_vitivirus_cluster_4_RC263",
                    "candidates_phylogeny.nwk:md5,d2e5351c39ef3656c28c8819297addfe"
                ],
                [
                    "query_013_SME25-218",
                    "candidates_phylogeny.nwk:md5,975b02b1c9c7c08eb9a62c0553e45a4e"
                ],
                [
                    "query_014_SME25-221",
                    "candidates_phylogeny.nwk:md5,d41d8cd98f00b204e9800998ecf8427e"
                ],
                [
                    "query_015_barcode84_contig1_PE250203-B_REP1_KAPA",
                    "candidates_phylogeny.nwk:md5,07971671e35c6e285a611497521a0d9e"
                ],
                [
                    "query_016_MG220521_3",
                    "candidates_phylogeny.nwk:md5,b04056bcb3fec69286ce2f4fd70d5693"
                ],
                [
                    "query_017_VE24-1351_COI",
                    "candidates_phylogeny.nwk:md5,4876da0d0729b785b5f19c73d788dc3c"
                ],
                [
                    "query_018_FungusB_Btub",
                    "candidates_phylogeny.nwk:md5,5f6fe5c8d15518c5f656c0f9bbf4bacf"
                ],
                [
                    "query_019_MP23-0432_matK",
                    "candidates_phylogeny.nwk:md5,28952223da41b514316e4228eded7fa0"
                ],
                [
                    "query_020_512503_1_Andrew",
                    "candidates_phylogeny.nwk:md5,57b00b14dea01c1b15efa8173adf691c"
                ]
            ]
        ],
        "meta": {
            "nf-test": "0.9.3",
            "nextflow": "25.04.6"
        },
        "timestamp": "2026-07-29T05:14:43.16056638"
    }
}