{
    "scenario_04": {
        "content": [
            [
                [
                    "query_001_barcode84_contig1_PE250203-B_REP1_KAPA",
                    [
                        "all_hits.fasta:md5,dcb16ee77af927840917815124ca34c0",
                        "all_hits.json:md5,5bb84a1c10ed7cf4322acd65b7a7115e",
                        "query_title.txt:md5,7b1f72fcf5a96aab830cbae34d7b4a78"
                    ]
                ],
                [
                    "query_002_barcode88_contig1_PE250203-A_REP1_KAPA",
                    [
                        "all_hits.fasta:md5,ca415694beb99941bc6d606c62a13cfa",
                        "all_hits.json:md5,fba5eab9c387de35bf19e2f082f099ba",
                        "query_title.txt:md5,0ad8e7a74f6c6b695a405ebff378a3ad"
                    ]
                ],
                [
                    "query_003_MG220521_3",
                    [
                        "all_hits.fasta:md5,41dbc38101a78bdf8acb7477f6ce4675",
                        "all_hits.json:md5,e36f03bf06fe642e4b7afac5f86a63f5",
                        "query_title.txt:md5,60367492936da730fa77a30e00fca06d"
                    ]
                ],
                [
                    "query_004_MG240613_4",
                    [
                        "all_hits.fasta:md5,35a7be60f694ebfd969154ecf889cafc",
                        "all_hits.json:md5,19170315fefed43b9b76bb42b8781616",
                        "query_title.txt:md5,c043bacbc1bc547351c759007e455dd5"
                    ]
                ],
                [
                    "query_005_KDD0161",
                    [
                        "all_hits.fasta:md5,7bc61efa7acafb2fb4744945220b04e2",
                        "all_hits.json:md5,4795bd5650c3d94b11545a0d42068789",
                        "query_title.txt:md5,c4cef4dd6d020234cc6bf2529294ba8a"
                    ]
                ],
                [
                    "query_006_LMJ1993",
                    [
                        "all_hits.fasta:md5,b87913eb9522b741668379b6b2bb299b",
                        "all_hits.json:md5,03f52cb6b32545f1676385593b6600ad",
                        "query_title.txt:md5,1c9b8f817fd888d29a5f80a5d4bbc2ff"
                    ]
                ],
                [
                    "query_007_VE24-1284_COI",
                    [
                        "all_hits.fasta:md5,cca0d4d97b6500338dee9084f0fdeb38",
                        "all_hits.json:md5,a7e7d21b96200282fe8122cc629fdb05",
                        "query_title.txt:md5,80cba220a44ff812c4b134aec7ea13f0"
                    ]
                ],
                [
                    "query_008_VE24-1351_COI",
                    [
                        "all_hits.fasta:md5,a077c6cfafff065b019696a0b98ebcc2",
                        "all_hits.json:md5,79aa4ef68d392c30aa6729addf15680e",
                        "query_title.txt:md5,2e919946562b8129c51c899a95d1ced3"
                    ]
                ],
                [
                    "query_009_VE25-1406_COI",
                    [
                        "all_hits.fasta:md5,979d736f0e95147088fa74ec9c83769a",
                        "all_hits.json:md5,c5459e01dbe31ec40340252680675453",
                        "query_title.txt:md5,c3316568d92e883961c6bc7eec4bcbde"
                    ]
                ],
                [
                    "query_010_VE25-1425_28S",
                    [
                        "all_hits.fasta:md5,511a60abd40f5517cd7c44aeb3517102",
                        "all_hits.json:md5,aaa0fd60ea9bc702612091656f582252",
                        "query_title.txt:md5,1f9708396d7e3c60e7cfbed1bfcddffb"
                    ]
                ],
                [
                    "query_011_VE25-1428_16S",
                    [
                        "all_hits.fasta:md5,8fe1f288f9ffd009d738f4e0e8bfcb5d",
                        "all_hits.json:md5,ea90b1807f30fa0f1d2c545d48a3ab7f",
                        "query_title.txt:md5,a5961db8da0901847e679ee6021411b7"
                    ]
                ],
                [
                    "query_012_VE25-1434_COI",
                    [
                        "all_hits.fasta:md5,2bc34172e572ac0f3fe94d4a944fdf89",
                        "all_hits.json:md5,8ef1c351e67d0f9c6bc1593d38e967e1",
                        "query_title.txt:md5,2eba8a3c5951840ca2e686bf04e35fa9"
                    ]
                ],
                [
                    "query_013_VE24-1066_COI",
                    [
                        "all_hits.fasta:md5,9267124c95133de8272cbb7b7112f635",
                        "all_hits.json:md5,816cfd49e569dd8a853d24cfb29a69f8",
                        "query_title.txt:md5,caf70b6fbeb0dea4dd07ea2020eb3ee8"
                    ]
                ],
                [
                    "query_014_VE24-1067_COI",
                    [
                        "all_hits.fasta:md5,09c58cccbb9f1570c69669be51e75aff",
                        "all_hits.json:md5,f78fdafba7f838c0b9947a8a25f91e2b",
                        "query_title.txt:md5,b042d247f3389b7491ebf30e86e49c15"
                    ]
                ],
                [
                    "query_015_VE24-1068_COI",
                    [
                        "all_hits.fasta:md5,8237c06536e2b8ffa23d5712ce86eb73",
                        "all_hits.json:md5,19f25565df5a6932885f03eac1e86da1",
                        "query_title.txt:md5,c742a21c469ed449e9598b1a381f38fa"
                    ]
                ],
                [
                    "query_016_VE24-1075_COI",
                    [
                        "all_hits.fasta:md5,7f5af9bade4b2aec8263a29112b930c6",
                        "all_hits.json:md5,81b8f955e92fe231f1733151aebc9f4a",
                        "query_title.txt:md5,e84ba2022381beb9cb4cd7f34ce94fcf"
                    ]
                ],
                [
                    "query_017_VE24-1079_COI",
                    [
                        "all_hits.fasta:md5,0be248bff00c8b407e64c431a98dfb1b",
                        "all_hits.json:md5,446ec86e109902efb578230f47c38e51",
                        "query_title.txt:md5,95c617add6bef94326ba7d4ea8679ac8"
                    ]
                ],
                [
                    "query_018_VE24-1086_COI",
                    [
                        "all_hits.fasta:md5,8c624d13b86ae1d6696b679358d3578d",
                        "all_hits.json:md5,a832364e81453237ef6f4d783bf56068",
                        "query_title.txt:md5,f51c96d19b5375c6b1d45649a780b7c2"
                    ]
                ],
                [
                    "query_019_Bac1_16S",
                    [
                        "all_hits.fasta:md5,ce032a99b82df21dbe54021d315c42a0",
                        "all_hits.json:md5,ed42310e5854b70d8ab8dd3681e2d04a",
                        "query_title.txt:md5,dbfc51161702305ca4bffe62a58ae2a6"
                    ]
                ],
                [
                    "query_020_Bac1_gyrB",
                    [
                        "all_hits.fasta:md5,85b2280719315d720fe3f84d5b5eec88",
                        "all_hits.json:md5,bc6f6247159cc34cb9a2f886e603c483",
                        "query_title.txt:md5,1ba15a4d809885832712ee624251e41d"
                    ]
                ],
                [
                    "query_021_Bac2_16S",
                    [
                        "all_hits.fasta:md5,35e4219eb537a4d4a9bdabde2c76f28b",
                        "all_hits.json:md5,c1006cbebaeb646faa0fc3d49be083d3",
                        "query_title.txt:md5,66ec9e3fa551d316511791f916d1ecee"
                    ]
                ],
                [
                    "query_022_Bac2_dnaX",
                    [
                        "all_hits.fasta:md5,745fb12b45b4b8155600026355fc0e2a",
                        "all_hits.json:md5,57fc340424f0838a6ee03c73e0d2b8b4",
                        "query_title.txt:md5,3cdca83c793012f9950b3c86b0c859fa"
                    ]
                ],
                [
                    "query_023_FungusA_ITS",
                    [
                        "all_hits.fasta:md5,7b2b3bb64b349c8e734e272da31b2891",
                        "all_hits.json:md5,b861eab260950f33fd92583086790868",
                        "query_title.txt:md5,1488981db60151bdc27ec666e94d7dac"
                    ]
                ],
                [
                    "query_024_FungusB_ITS",
                    [
                        "all_hits.fasta:md5,cecd8433910840760f6f812f40e186f7",
                        "all_hits.json:md5,5fe3f4552ebae7dafdf3ee2ed7955908",
                        "query_title.txt:md5,f7e9aa89523d0f0cc84f33a5011711bd"
                    ]
                ],
                [
                    "query_025_FungusB_Btub",
                    [
                        "all_hits.fasta:md5,fbfb16de55af699d9b1048ec60eb5a80",
                        "all_hits.json:md5,3ca817e63d51d7d5c5c9a718bd85e65f",
                        "query_title.txt:md5,b7c767e288abc3aaa752884eabe2d2c6"
                    ]
                ],
                [
                    "query_026_MP23-0431_matK",
                    [
                        "all_hits.fasta:md5,fa6ed30545ada299eb01665d23c21d64",
                        "all_hits.json:md5,ff0c71371b1cc09089b8743b45f52051",
                        "query_title.txt:md5,0a72cc34c15a29425f7d3ec28e68875f"
                    ]
                ],
                [
                    "query_027_MP23-0431_rbcL",
                    [
                        "all_hits.fasta:md5,aa1911b50c12493beb7cd2d1fa0490c4",
                        "all_hits.json:md5,a2d14cb19b398b9a0507dbfd848f2bd4",
                        "query_title.txt:md5,1882bf2c13afc6d3651135f53a6ee118"
                    ]
                ],
                [
                    "query_028_MP23-0432_matK",
                    [
                        "all_hits.fasta:md5,4722cc4005db09c4b773de41750315c1",
                        "all_hits.json:md5,3b0ed4d0706b9a7774ad91bd18e6df8c",
                        "query_title.txt:md5,87e873ff005c85b3da7b6638fd039733"
                    ]
                ],
                [
                    "query_029_MP23-0432_rbcL",
                    [
                        "all_hits.fasta:md5,ab5ead51f928ab76c27dd8c966e45db6",
                        "all_hits.json:md5,748c20f8872ba4e50a528588d08f7b6d",
                        "query_title.txt:md5,a7df0e5e4890e10d5d0dbcd85fdd9b47"
                    ]
                ],
                [
                    "query_030_BISS_502833",
                    [
                        "all_hits.fasta:md5,290961aa470377a2c2b5532259a46609",
                        "all_hits.json:md5,fc1f6ca339b9c112627ecf2a130aba8d",
                        "query_title.txt:md5,3352cdba73160eca0495d4c2745dfef8"
                    ]
                ],
                [
                    "query_031_barcode_79_AR21a_1_1_1",
                    [
                        "all_hits.fasta:md5,a990e7dd76a6edd95ecbc32d63278953",
                        "all_hits.json:md5,0a294b7199ef6bf727596b2ba7aa19c5",
                        "query_title.txt:md5,a1e3130ed250ac2aee3c5a7f64b31644"
                    ]
                ],
                [
                    "query_032_barcode_80_AR8_1_1",
                    [
                        "all_hits.fasta:md5,a990e7dd76a6edd95ecbc32d63278953",
                        "all_hits.json:md5,30b167f9b477b1854d38406facf2fbbe",
                        "query_title.txt:md5,641eb90306a89de2af8f1c19635b5772"
                    ]
                ],
                [
                    "query_033_barcode_81_AR21a_1_1_1_KAPA",
                    [
                        "all_hits.fasta:md5,63e66b783c3d5da497e7e8e8aaec65c5",
                        "all_hits.json:md5,f3106805285aaf370eb4b558e0ab309f",
                        "query_title.txt:md5,397a750222834a1d7cb9d05c33d70ee6"
                    ]
                ],
                [
                    "query_034_barcode_82_AR8_1_1_KAPA",
                    [
                        "all_hits.fasta:md5,d96724a4264f52f79a802580c19779fd",
                        "all_hits.json:md5,e4abf9824b5b6720f37a821206dde25b",
                        "query_title.txt:md5,e56f3524977ef320fe0b32ada83ed40e"
                    ]
                ],
                [
                    "query_035_barcode_83_AR21a_1_1_1_MyFi",
                    [
                        "all_hits.fasta:md5,63e66b783c3d5da497e7e8e8aaec65c5",
                        "all_hits.json:md5,c096503aa2afbd2eefa092b0a00abe1c",
                        "query_title.txt:md5,79efdd6a98362649a9e73d9dcc6c75a4"
                    ]
                ],
                [
                    "query_036_barcode_84_AR8-1_1_MyFi",
                    [
                        "all_hits.fasta:md5,a6e3d4d9c15a385ae9ef08b4bd3cdcaa",
                        "all_hits.json:md5,8f1e0e86f61799f87c56fa23865d8496",
                        "query_title.txt:md5,250bd3ddae76d1a4d8a26e9523511d0c"
                    ]
                ],
                [
                    "query_037_barcode_85_MG250214_4_1_1_KAPA",
                    [
                        "all_hits.fasta:md5,d7fafdbe3c94cbe449d1f9050c9e65be",
                        "all_hits.json:md5,f3b6c1b5ff9a36a666d379f1af2b94d2",
                        "query_title.txt:md5,e745f659e1a109fddfd7f7e3a64ff959"
                    ]
                ],
                [
                    "query_038_barcode_86_ICS192-1_1_1_KAPA",
                    [
                        "all_hits.fasta:md5,d5ac7d87ec4da7e8251709a3d2126e3e",
                        "all_hits.json:md5,a237e361221f5a76f59401482f416e8b",
                        "query_title.txt:md5,c5219e0aca2001bdf8f885374d6b1ab1"
                    ]
                ],
                [
                    "query_039_barcode_87_MG250214_4_1_1_MyFi",
                    [
                        "all_hits.fasta:md5,49d918df2cb3002a47fdce35d4fcd76d",
                        "all_hits.json:md5,5427bf65bd9c6ea65be835e17d5c65bb",
                        "query_title.txt:md5,40561a19d4251161b1fc6834c05900c0"
                    ]
                ],
                [
                    "query_040_barcode_88_ICS192_1_1_1_MyFi",
                    [
                        "all_hits.fasta:md5,95bbe5c291bab2e084bba24e35bc5479",
                        "all_hits.json:md5,a23e2d1a6092767a39031e8c59ccf3ab",
                        "query_title.txt:md5,fec9f1edcab0926fc3d94e8ec2912baf"
                    ]
                ],
                [
                    "query_041_barcode_89_RID8931_1_1_MJ",
                    [
                        "all_hits.fasta:md5,131ad90cfbe38b03586a04ac2650bcc2",
                        "all_hits.json:md5,f4096bf51cf28d62b797e4c8bf47c8fc",
                        "query_title.txt:md5,23a17d9f8815836c117c7a58b2404a9f"
                    ]
                ],
                [
                    "query_042_barcode_90_RID8931_1_1_Ci",
                    [
                        "all_hits.fasta:md5,466e41a2df8442962ec57aa00eb3bdd8",
                        "all_hits.json:md5,56a8bff9ed479a551de12af4d83b2ede",
                        "query_title.txt:md5,292a6b2ca63bcdacccd5cea0fde44ccb"
                    ]
                ],
                [
                    "query_043_barcode_91_RID8931_1_1_NLB",
                    [
                        "all_hits.fasta:md5,708f1e7f31872646a87457c9702840ec",
                        "all_hits.json:md5,bddedcbe00a41e5a2eea007bc8f5e192",
                        "query_title.txt:md5,ca18cb52ae8599ba5b95ba3b89922ea8"
                    ]
                ],
                [
                    "query_044_barcode_93_MG250402_3_2_KAPA",
                    [
                        "all_hits.fasta:md5,3dcfc7c1404928dbb8dad41752447a3f",
                        "all_hits.json:md5,dec413f645dc1bda8e1535a94b84737d",
                        "query_title.txt:md5,3148b9b260292a74923a527f10aa2c3f"
                    ]
                ],
                [
                    "query_045_barcode_94_MG250402_3_1_KAPA",
                    [
                        "all_hits.fasta:md5,f4857270efebe439beb94ef8c9f2519c",
                        "all_hits.json:md5,df507ecf27f996b9ba2038b25a45ddf5",
                        "query_title.txt:md5,5847854a6d3f2e5e1455e512f4fd4843"
                    ]
                ],
                [
                    "query_046_barcode_95_MG250402_3_2_MyFi",
                    [
                        "all_hits.fasta:md5,dad278cadd1f3e1780a4f555572dc485",
                        "all_hits.json:md5,59ee89806f87e5d51ef7676f8f7d12e6",
                        "query_title.txt:md5,d93906435b4d114b8c16eab2aef35143"
                    ]
                ],
                [
                    "query_047_B6_SME25-101_Alana",
                    [
                        "all_hits.fasta:md5,84bf036556a2be275bb20535902ced02",
                        "all_hits.json:md5,37e66f1a605cbc09e4f082ba4556d125",
                        "query_title.txt:md5,18c7fa21778a733eeb53c244ee448364"
                    ]
                ],
                [
                    "query_048_512503_1_Andrew",
                    [
                        "all_hits.fasta:md5,82e6fe7fe723c04904dc3104d3932cc8",
                        "all_hits.json:md5,2e432d05d540a641759336e3eabbf290",
                        "query_title.txt:md5,214aa9326069f7781cbf363380b5f397"
                    ]
                ]
            ],
            [
                [
                    "query_001_barcode84_contig1_PE250203-B_REP1_KAPA",
                    [
                        "1.flag:md5,5bebb6bb53ff7b1b11b87057eabd4f81",
                        "2.flag:md5,53b5ba2b547942d6b79cbc5af93ddb2c",
                        "7.flag:md5,faf7292155a57f6eb9acdc41e96d9252",
                        "all_hits.fasta:md5,dcb16ee77af927840917815124ca34c0",
                        "all_hits.json:md5,5bb84a1c10ed7cf4322acd65b7a7115e",
                        "candidates.csv:md5,1583f315580ac1383f18f4a903e80c45",
                        "candidates.fasta:md5,25a0bb6146b0a9ba920e8baade09d3a8",
                        "candidates.json:md5,33c6c8c53fa8ffc21b7230484d0055f1",
                        "candidates_count.txt:md5,c81e728d9d4c2f636f067f89cc14862c",
                        "candidates_phylogeny.fasta:md5,b1eefaedabaf3aed2da11d7b46b65023",
                        "taxa_of_concern_detected.csv:md5,aae74d8974a6b4ca04158313ee0f2fd7"
                    ]
                ],
                [
                    "query_002_barcode88_contig1_PE250203-A_REP1_KAPA",
                    [
                        "1.flag:md5,f3d93e417259ddd4ae40f327a564095e",
                        "2.flag:md5,53b5ba2b547942d6b79cbc5af93ddb2c",
                        "7.flag:md5,472edcd570b5eb18b9787dec25255f47",
                        "all_hits.fasta:md5,ca415694beb99941bc6d606c62a13cfa",
                        "all_hits.json:md5,fba5eab9c387de35bf19e2f082f099ba",
                        "assigned_taxonomy.csv:md5,e0acf85e7f258ae795e07279d0a7284e",
                        "candidates.csv:md5,f3691718ef49f181106dd22e5e18e775",
                        "candidates.fasta:md5,263ecc2013485f6b9bdc75d232eb6e9a",
                        "candidates.json:md5,93e21b0ae265f730b680b51d40f4cd0c",
                        "candidates_count.txt:md5,c4ca4238a0b923820dcc509a6f75849b",
                        "candidates_phylogeny.fasta:md5,df5ca4669b5c7340091cddcdfaab746d",
                        "preliminary_id_match.csv:md5,bca91557aef83b23729b823438e18051",
                        "taxa_of_concern_detected.csv:md5,aae74d8974a6b4ca04158313ee0f2fd7"
                    ]
                ],
                [
                    "query_003_MG220521_3",
                    [
                        "1.flag:md5,e48eb085772ecd7cb78c1c1cd6e09a24",
                        "2.flag:md5,7a4a44e9144b0324d4514786fe1a2f49",
                        "7.flag:md5,faf7292155a57f6eb9acdc41e96d9252",
                        "all_hits.fasta:md5,41dbc38101a78bdf8acb7477f6ce4675",
                        "all_hits.json:md5,e36f03bf06fe642e4b7afac5f86a63f5",
                        "candidates.csv:md5,89387abe0d5a2c2ef216147a09d30084",
                        "candidates.fasta:md5,c69fd654a6ef06678983fa05bfce9208",
                        "candidates.json:md5,e96200d8a60f71d9b87286727aab3c0d",
                        "candidates_count.txt:md5,1679091c5a880faf6fb5e6087eb1b2dc",
                        "candidates_identity_boxplot.png:md5,68f063b883fa2513cacd68078876b26a",
                        "candidates_phylogeny.fasta:md5,45687edbed34e714a88553e664699765",
                        "taxa_of_concern_detected.csv:md5,39d1bf2a6fb9c316a7d5ed765daad4f6"
                    ]
                ],
                [
                    "query_004_MG240613_4",
                    [
                        "1.flag:md5,25c0c874ad20c71dd34eaa0bb4886afb",
                        "2.flag:md5,53b5ba2b547942d6b79cbc5af93ddb2c",
                        "7.flag:md5,faf7292155a57f6eb9acdc41e96d9252",
                        "all_hits.fasta:md5,35a7be60f694ebfd969154ecf889cafc",
                        "all_hits.json:md5,19170315fefed43b9b76bb42b8781616",
                        "candidates.csv:md5,af57fbca89a319b6b965cc1d559b2fea",
                        "candidates.fasta:md5,d41d8cd98f00b204e9800998ecf8427e",
                        "candidates.json:md5,887b3d12502c1ef2c62e606eb6233158",
                        "candidates_count.txt:md5,cfcd208495d565ef66e7dff9f98764da",
                        "candidates_phylogeny.fasta:md5,d41d8cd98f00b204e9800998ecf8427e",
                        "taxa_of_concern_detected.csv:md5,d18cfd7f0107946e1c83964d9e73eaae"
                    ]
                ],
                [
                    "query_005_KDD0161",
                    [
                        "1.flag:md5,f3d93e417259ddd4ae40f327a564095e",
                        "2.flag:md5,7a4a44e9144b0324d4514786fe1a2f49",
                        "7.flag:md5,472edcd570b5eb18b9787dec25255f47",
                        "all_hits.fasta:md5,7bc61efa7acafb2fb4744945220b04e2",
                        "all_hits.json:md5,4795bd5650c3d94b11545a0d42068789",
                        "assigned_taxonomy.csv:md5,42d17f99eebf88f38a0c6552d685a803",
                        "candidates.csv:md5,f993bcd7298225c1d9ba8bd34b7ce1d0",
                        "candidates.fasta:md5,046c08a09fb5312c97bd843e0c1fb8c2",
                        "candidates.json:md5,59c0431b9d7c82131b84b384a4bc322f",
                        "candidates_count.txt:md5,c4ca4238a0b923820dcc509a6f75849b",
                        "candidates_phylogeny.fasta:md5,7984220ba53d5b235b2efa4b4a8fa5b6",
                        "preliminary_id_match.csv:md5,6d688823c7f5733801c3ed1c50ea0650",
                        "taxa_of_concern_detected.csv:md5,793a19ce52405b88759fd83817ae76cd"
                    ]
                ],
                [
                    "query_006_LMJ1993",
                    [
                        "1.flag:md5,aaf0c8d08bbe7475e0f5a59d03103a05",
                        "2.flag:md5,7a4a44e9144b0324d4514786fe1a2f49",
                        "7.flag:md5,faf7292155a57f6eb9acdc41e96d9252",
                        "all_hits.fasta:md5,b87913eb9522b741668379b6b2bb299b",
                        "all_hits.json:md5,03f52cb6b32545f1676385593b6600ad",
                        "candidates.csv:md5,3fde9c4e6ec96e902b91068e28bdd668",
                        "candidates.fasta:md5,ef96031a8ad8e247237023afb39ea9b5",
                        "candidates.json:md5,69d49f348e4af4ed9b16a09725286781",
                        "candidates_count.txt:md5,f457c545a9ded88f18ecee47145a72c0",
                        "candidates_identity_boxplot.png:md5,b365d1be8a55726197f2d418625bb850",
                        "candidates_phylogeny.fasta:md5,b5ec43fd791c7a539b016912ae45b09f",
                        "taxa_of_concern_detected.csv:md5,8eb0437636f253e88f7527192ec488a2"
                    ]
                ],
                [
                    "query_007_VE24-1284_COI",
                    [
                        "1.flag:md5,5bebb6bb53ff7b1b11b87057eabd4f81",
                        "2.flag:md5,7a4a44e9144b0324d4514786fe1a2f49",
                        "7.flag:md5,faf7292155a57f6eb9acdc41e96d9252",
                        "all_hits.fasta:md5,cca0d4d97b6500338dee9084f0fdeb38",
                        "all_hits.json:md5,a7e7d21b96200282fe8122cc629fdb05",
                        "candidates.csv:md5,d7ebbbe21e8972d0d652334b22336f96",
                        "candidates.fasta:md5,44c434fb03a741c3c431edbae80b629b",
                        "candidates.json:md5,8d3afaaf5aae5cf4829305814fb52cf7",
                        "candidates_count.txt:md5,c81e728d9d4c2f636f067f89cc14862c",
                        "candidates_phylogeny.fasta:md5,5c5075eee7d759c04ec6608e1bf93a5e",
                        "taxa_of_concern_detected.csv:md5,72d99dda1940aa9137e89fd874227a14"
                    ]
                ],
                [
                    "query_008_VE24-1351_COI",
                    [
                        "1.flag:md5,5bebb6bb53ff7b1b11b87057eabd4f81",
                        "2.flag:md5,7a4a44e9144b0324d4514786fe1a2f49",
                        "7.flag:md5,faf7292155a57f6eb9acdc41e96d9252",
                        "all_hits.fasta:md5,a077c6cfafff065b019696a0b98ebcc2",
                        "all_hits.json:md5,79aa4ef68d392c30aa6729addf15680e",
                        "candidates.csv:md5,511bb561bbbdf4ebc79643d98576ce0e",
                        "candidates.fasta:md5,fe2ff8571b35a8bf283d61310a237ebc",
                        "candidates.json:md5,4dd96594b562aedd2005344192dcade0",
                        "candidates_count.txt:md5,eccbc87e4b5ce2fe28308fd9f2a7baf3",
                        "candidates_phylogeny.fasta:md5,4f56fb611f39ac1455b1590fe7a27c33",
                        "taxa_of_concern_detected.csv:md5,1e184f4f185ee7d50a15fae187ee97f7"
                    ]
                ],
                [
                    "query_009_VE25-1406_COI",
                    [
                        "1.flag:md5,f3d93e417259ddd4ae40f327a564095e",
                        "2.flag:md5,53b5ba2b547942d6b79cbc5af93ddb2c",
                        "7.flag:md5,34336abcf46f9652fe2f2e87d6138a1c",
                        "all_hits.fasta:md5,979d736f0e95147088fa74ec9c83769a",
                        "all_hits.json:md5,c5459e01dbe31ec40340252680675453",
                        "assigned_taxonomy.csv:md5,6453151b2dbb1c97a8351439c7a50105",
                        "candidates.csv:md5,b05566838648d7e6d7b08bd75f334a58",
                        "candidates.fasta:md5,63d0c7e5ba532c811d6babba00c145bd",
                        "candidates.json:md5,ba028d1d490aae8e06d2534b4158b0c7",
                        "candidates_count.txt:md5,c4ca4238a0b923820dcc509a6f75849b",
                        "candidates_phylogeny.fasta:md5,42b74d804e8aa2d9539eb74b627bdc31",
                        "taxa_of_concern_detected.csv:md5,19c07e8792c972a0c9473ab27dbe1ccb"
                    ]
                ],
                [
                    "query_010_VE25-1425_28S",
                    [
                        "1.flag:md5,5bebb6bb53ff7b1b11b87057eabd4f81",
                        "2.flag:md5,7a4a44e9144b0324d4514786fe1a2f49",
                        "7.flag:md5,faf7292155a57f6eb9acdc41e96d9252",
                        "all_hits.fasta:md5,511a60abd40f5517cd7c44aeb3517102",
                        "all_hits.json:md5,aaa0fd60ea9bc702612091656f582252",
                        "candidates.csv:md5,9e6d1430103b58cab089f68412a189df",
                        "candidates.fasta:md5,f552b0b3d99e2900efa059c885a926ef",
                        "candidates.json:md5,83a29b858ccaa748807d90b5e81e339f",
                        "candidates_count.txt:md5,c81e728d9d4c2f636f067f89cc14862c",
                        "candidates_phylogeny.fasta:md5,240fb40d84c79ace447a00b93aeb1fc2",
                        "taxa_of_concern_detected.csv:md5,6373b2098b1e75690a03f8e18585f122"
                    ]
                ],
                [
                    "query_011_VE25-1428_16S",
                    [
                        "1.flag:md5,f3d93e417259ddd4ae40f327a564095e",
                        "2.flag:md5,7a4a44e9144b0324d4514786fe1a2f49",
                        "7.flag:md5,472edcd570b5eb18b9787dec25255f47",
                        "all_hits.fasta:md5,8fe1f288f9ffd009d738f4e0e8bfcb5d",
                        "all_hits.json:md5,ea90b1807f30fa0f1d2c545d48a3ab7f",
                        "assigned_taxonomy.csv:md5,fc8becee5349d23cd3ae90734089c07d",
                        "candidates.csv:md5,7038e972e977025b165c2dd5f87e130b",
                        "candidates.fasta:md5,0c58589a91d8726308ffcb0ec7a7d35c",
                        "candidates.json:md5,02adbc592c400543e3a05460398c3cef",
                        "candidates_count.txt:md5,c4ca4238a0b923820dcc509a6f75849b",
                        "candidates_phylogeny.fasta:md5,23948a187576c3a0b46b7b1f45c72d98",
                        "preliminary_id_match.csv:md5,5a903587d26052cfcdd1dd0ca08a94e5",
                        "taxa_of_concern_detected.csv:md5,cca27cae5eb374fa741fe19af7ebaef6"
                    ]
                ],
                [
                    "query_012_VE25-1434_COI",
                    [
                        "1.flag:md5,f3d93e417259ddd4ae40f327a564095e",
                        "2.flag:md5,53b5ba2b547942d6b79cbc5af93ddb2c",
                        "7.flag:md5,472edcd570b5eb18b9787dec25255f47",
                        "all_hits.fasta:md5,2bc34172e572ac0f3fe94d4a944fdf89",
                        "all_hits.json:md5,8ef1c351e67d0f9c6bc1593d38e967e1",
                        "assigned_taxonomy.csv:md5,e926673838324ddb32353286636ece13",
                        "candidates.csv:md5,222e539fa77dbfb1b773cee74224fdc8",
                        "candidates.fasta:md5,8d247a5e282e221c02e515578c91f209",
                        "candidates.json:md5,01e60740ac115317e40821a82d9e4e82",
                        "candidates_count.txt:md5,c4ca4238a0b923820dcc509a6f75849b",
                        "candidates_phylogeny.fasta:md5,897cc3af2b34aba479ce6976637f14ad",
                        "preliminary_id_match.csv:md5,38e90684ad27ef2a96e90b9303254a84",
                        "taxa_of_concern_detected.csv:md5,f1d8969823a63c7586afe977e33505e3"
                    ]
                ],
                [
                    "query_013_VE24-1066_COI",
                    [
                        "1.flag:md5,aaf0c8d08bbe7475e0f5a59d03103a05",
                        "2.flag:md5,7a4a44e9144b0324d4514786fe1a2f49",
                        "7.flag:md5,faf7292155a57f6eb9acdc41e96d9252",
                        "all_hits.fasta:md5,9267124c95133de8272cbb7b7112f635",
                        "all_hits.json:md5,816cfd49e569dd8a853d24cfb29a69f8",
                        "candidates.csv:md5,91fa6c14ce01a3c6ec6c2498fa32f57b",
                        "candidates.fasta:md5,fcebdc4e2768947e629cfb63caa8121b",
                        "candidates.json:md5,7f768099d65a987d20ee9e7f452b7e04",
                        "candidates_count.txt:md5,1679091c5a880faf6fb5e6087eb1b2dc",
                        "candidates_identity_boxplot.png:md5,77f63f16fb6a8878a02a39c6d0c7eb82",
                        "candidates_phylogeny.fasta:md5,79852a8740d97807f7aa853410740f5b",
                        "taxa_of_concern_detected.csv:md5,4477ea8991c704c5f602357c0fd80fc8"
                    ]
                ],
                [
                    "query_014_VE24-1067_COI",
                    [
                        "1.flag:md5,aaf0c8d08bbe7475e0f5a59d03103a05",
                        "2.flag:md5,7a4a44e9144b0324d4514786fe1a2f49",
                        "7.flag:md5,faf7292155a57f6eb9acdc41e96d9252",
                        "all_hits.fasta:md5,09c58cccbb9f1570c69669be51e75aff",
                        "all_hits.json:md5,f78fdafba7f838c0b9947a8a25f91e2b",
                        "candidates.csv:md5,50d0d01dd183ab0257cb35d616e77160",
                        "candidates.fasta:md5,aa02890ae8133bc6342eed8088e74939",
                        "candidates.json:md5,8aaefa7453bfb127628fb7d464e00f92",
                        "candidates_count.txt:md5,9bf31c7ff062936a96d3c8bd1f8f2ff3",
                        "candidates_identity_boxplot.png:md5,9fd36c261190b799874767605035519e",
                        "candidates_phylogeny.fasta:md5,64ee105a8f138d10aedc9728291aef27",
                        "taxa_of_concern_detected.csv:md5,902d08fb9036a2176429c5b0e7fff640"
                    ]
                ],
                [
                    "query_015_VE24-1068_COI",
                    [
                        "1.flag:md5,aaf0c8d08bbe7475e0f5a59d03103a05",
                        "2.flag:md5,7a4a44e9144b0324d4514786fe1a2f49",
                        "7.flag:md5,faf7292155a57f6eb9acdc41e96d9252",
                        "all_hits.fasta:md5,8237c06536e2b8ffa23d5712ce86eb73",
                        "all_hits.json:md5,19f25565df5a6932885f03eac1e86da1",
                        "candidates.csv:md5,b460e5be90ddb88198285e548ead3919",
                        "candidates.fasta:md5,694451f3775016d56c80fbfeec73abae",
                        "candidates.json:md5,52c29f19baf622f2a28ff717fc569f49",
                        "candidates_count.txt:md5,8f14e45fceea167a5a36dedd4bea2543",
                        "candidates_identity_boxplot.png:md5,3dbf03716b8a92d009071ddb87e08578",
                        "candidates_phylogeny.fasta:md5,ff0921d2cde33b977c12a66b1cab56ea",
                        "taxa_of_concern_detected.csv:md5,9dfe1261795198d4d26b3c74266b5f33"
                    ]
                ],
                [
                    "query_016_VE24-1075_COI",
                    [
                        "1.flag:md5,e48eb085772ecd7cb78c1c1cd6e09a24",
                        "2.flag:md5,7a4a44e9144b0324d4514786fe1a2f49",
                        "7.flag:md5,faf7292155a57f6eb9acdc41e96d9252",
                        "all_hits.fasta:md5,7f5af9bade4b2aec8263a29112b930c6",
                        "all_hits.json:md5,81b8f955e92fe231f1733151aebc9f4a",
                        "candidates.csv:md5,df667032a65623d03ca42cbe7d4a2192",
                        "candidates.fasta:md5,7f5af9bade4b2aec8263a29112b930c6",
                        "candidates.json:md5,ad85103f42b3f62196535e11c9dc43df",
                        "candidates_count.txt:md5,2a38a4a9316c49e5a833517c45d31070",
                        "candidates_identity_boxplot.png:md5,5a28c4268e24f868919ad7843f3df9cf",
                        "candidates_phylogeny.fasta:md5,2b6a7fc264ea432ff61a4ff4a73ef34f",
                        "taxa_of_concern_detected.csv:md5,8e78348ec44e71e4e18065e037d5cf27"
                    ]
                ],
                [
                    "query_017_VE24-1079_COI",
                    [
                        "1.flag:md5,5bebb6bb53ff7b1b11b87057eabd4f81",
                        "2.flag:md5,53b5ba2b547942d6b79cbc5af93ddb2c",
                        "7.flag:md5,faf7292155a57f6eb9acdc41e96d9252",
                        "all_hits.fasta:md5,0be248bff00c8b407e64c431a98dfb1b",
                        "all_hits.json:md5,446ec86e109902efb578230f47c38e51",
                        "candidates.csv:md5,8127d9d3ee13ce60ff617741326a94c9",
                        "candidates.fasta:md5,bc75bc784f8906823f7958c08d5adc41",
                        "candidates.json:md5,20bf0c4e694a4e2ffce108069c6c0221",
                        "candidates_count.txt:md5,c81e728d9d4c2f636f067f89cc14862c",
                        "candidates_phylogeny.fasta:md5,746ac263163ab03c93313f7c7bedcaad",
                        "taxa_of_concern_detected.csv:md5,a5847c122b6e9ce7856f38de713795f1"
                    ]
                ],
                [
                    "query_018_VE24-1086_COI",
                    [
                        "1.flag:md5,e48eb085772ecd7cb78c1c1cd6e09a24",
                        "2.flag:md5,53b5ba2b547942d6b79cbc5af93ddb2c",
                        "7.flag:md5,faf7292155a57f6eb9acdc41e96d9252",
                        "all_hits.fasta:md5,8c624d13b86ae1d6696b679358d3578d",
                        "all_hits.json:md5,a832364e81453237ef6f4d783bf56068",
                        "candidates.csv:md5,fbf785eafe13a1eb2d885b93dce9dc9b",
                        "candidates.fasta:md5,3f62e87226a610f9036a7bf75821cef5",
                        "candidates.json:md5,51d80772ea54696179aaddf9a541d483",
                        "candidates_count.txt:md5,c4ca4238a0b923820dcc509a6f75849b",
                        "candidates_phylogeny.fasta:md5,8dce3af168de5280b999c1c2aecc94c8",
                        "taxa_of_concern_detected.csv:md5,dfa80df6e09278ee1af6218223f70ef0"
                    ]
                ],
                [
                    "query_019_Bac1_16S",
                    [
                        "1.flag:md5,aaf0c8d08bbe7475e0f5a59d03103a05",
                        "2.flag:md5,7b61bdfa0bda019f07a812b2acfd296c",
                        "7.flag:md5,faf7292155a57f6eb9acdc41e96d9252",
                        "all_hits.fasta:md5,ce032a99b82df21dbe54021d315c42a0",
                        "all_hits.json:md5,ed42310e5854b70d8ab8dd3681e2d04a",
                        "candidates.csv:md5,7dc3275fb2cd849b388112994ae310a3",
                        "candidates.fasta:md5,33c6ea64e6f9ebeb16bb1226b5e435d7",
                        "candidates.json:md5,4cfca11de9d8d1b70f56f919854c48ff",
                        "candidates_count.txt:md5,6ea9ab1baa0efb9e19094440c317e21b",
                        "candidates_identity_boxplot.png:md5,839098026983b6fc247d5392ad6c2518",
                        "candidates_phylogeny.fasta:md5,45b4b8c9602e672105f7bd64cceafbc8"
                    ]
                ],
                [
                    "query_020_Bac1_gyrB",
                    [
                        "1.flag:md5,aaf0c8d08bbe7475e0f5a59d03103a05",
                        "2.flag:md5,7b61bdfa0bda019f07a812b2acfd296c",
                        "7.flag:md5,faf7292155a57f6eb9acdc41e96d9252",
                        "all_hits.fasta:md5,85b2280719315d720fe3f84d5b5eec88",
                        "all_hits.json:md5,bc6f6247159cc34cb9a2f886e603c483",
                        "candidates.csv:md5,3e87328e4ac0fb8e5b919021c027c19e",
                        "candidates.fasta:md5,ee40fd6ab2fba0c271cb1fb764f7a83f",
                        "candidates.json:md5,eccb0375e0fc8142cefbeb0c3bb331c1",
                        "candidates_count.txt:md5,a87ff679a2f3e71d9181a67b7542122c",
                        "candidates_identity_boxplot.png:md5,0b331af921b295067159c4620663a936",
                        "candidates_phylogeny.fasta:md5,57e56b5a0c4b7564fe1ee4c15f07d14f"
                    ]
                ],
                [
                    "query_021_Bac2_16S",
                    [
                        "1.flag:md5,aaf0c8d08bbe7475e0f5a59d03103a05",
                        "2.flag:md5,7b61bdfa0bda019f07a812b2acfd296c",
                        "7.flag:md5,faf7292155a57f6eb9acdc41e96d9252",
                        "all_hits.fasta:md5,35e4219eb537a4d4a9bdabde2c76f28b",
                        "all_hits.json:md5,c1006cbebaeb646faa0fc3d49be083d3",
                        "candidates.csv:md5,365ca4f890c2244cf91ba9c66943528b",
                        "candidates.fasta:md5,35e4219eb537a4d4a9bdabde2c76f28b",
                        "candidates.json:md5,4228fc1b61cccf2a3d069d69eccb7d60",
                        "candidates_count.txt:md5,98f13708210194c475687be6106a3b84",
                        "candidates_identity_boxplot.png:md5,fdee0c1e5fffcfe986de8b7008174cd4",
                        "candidates_phylogeny.fasta:md5,2b14d8150a1d70ed99e4ce91f9dec649"
                    ]
                ],
                [
                    "query_022_Bac2_dnaX",
                    [
                        "1.flag:md5,aaf0c8d08bbe7475e0f5a59d03103a05",
                        "2.flag:md5,7b61bdfa0bda019f07a812b2acfd296c",
                        "7.flag:md5,faf7292155a57f6eb9acdc41e96d9252",
                        "all_hits.fasta:md5,745fb12b45b4b8155600026355fc0e2a",
                        "all_hits.json:md5,57fc340424f0838a6ee03c73e0d2b8b4",
                        "candidates.csv:md5,e759554dd4d4c817a59db9ee6c8621a7",
                        "candidates.fasta:md5,b339fe8f2835f416d680c3a6c066d512",
                        "candidates.json:md5,3d644c8f87530c3f8122bc8d954d7acf",
                        "candidates_count.txt:md5,e4da3b7fbbce2345d7772b0674a318d5",
                        "candidates_identity_boxplot.png:md5,4b545f32a173352311a7a1b542ce67ae",
                        "candidates_phylogeny.fasta:md5,2a5d94d94c19622d7b286f2573d13fcd"
                    ]
                ],
                [
                    "query_023_FungusA_ITS",
                    [
                        "1.flag:md5,aaf0c8d08bbe7475e0f5a59d03103a05",
                        "2.flag:md5,7b61bdfa0bda019f07a812b2acfd296c",
                        "7.flag:md5,faf7292155a57f6eb9acdc41e96d9252",
                        "all_hits.fasta:md5,7b2b3bb64b349c8e734e272da31b2891",
                        "all_hits.json:md5,b861eab260950f33fd92583086790868",
                        "candidates.csv:md5,d002381c33d4ac54d2acacf978f14d2a",
                        "candidates.fasta:md5,7b2b3bb64b349c8e734e272da31b2891",
                        "candidates.json:md5,08fe45d1e21310c1960b867faf8b136d",
                        "candidates_count.txt:md5,a87ff679a2f3e71d9181a67b7542122c",
                        "candidates_identity_boxplot.png:md5,6083caab3b594c79e96806195bddf47a",
                        "candidates_phylogeny.fasta:md5,29857d9de47a00da23291c428925de94"
                    ]
                ],
                [
                    "query_024_FungusB_ITS",
                    [
                        "1.flag:md5,aaf0c8d08bbe7475e0f5a59d03103a05",
                        "2.flag:md5,7b61bdfa0bda019f07a812b2acfd296c",
                        "7.flag:md5,faf7292155a57f6eb9acdc41e96d9252",
                        "all_hits.fasta:md5,cecd8433910840760f6f812f40e186f7",
                        "all_hits.json:md5,5fe3f4552ebae7dafdf3ee2ed7955908",
                        "candidates.csv:md5,b25687e6d12790bb4b73498109434bcb",
                        "candidates.fasta:md5,cecd8433910840760f6f812f40e186f7",
                        "candidates.json:md5,514f55c052167705cf0e0b1da516be84",
                        "candidates_count.txt:md5,70efdf2ec9b086079795c442636b55fb",
                        "candidates_identity_boxplot.png:md5,71d76c53c6c75562a8174a83e3db892c",
                        "candidates_phylogeny.fasta:md5,e00f2c66b83d91ebd2882adcdf8bb805"
                    ]
                ],
                [
                    "query_025_FungusB_Btub",
                    [
                        "1.flag:md5,aaf0c8d08bbe7475e0f5a59d03103a05",
                        "2.flag:md5,7b61bdfa0bda019f07a812b2acfd296c",
                        "7.flag:md5,faf7292155a57f6eb9acdc41e96d9252",
                        "all_hits.fasta:md5,fbfb16de55af699d9b1048ec60eb5a80",
                        "all_hits.json:md5,3ca817e63d51d7d5c5c9a718bd85e65f",
                        "candidates.csv:md5,ae57a52dff8938125e4eb45aed99772b",
                        "candidates.fasta:md5,0b3e83c0fccd87b6753b6ed9f4589ccf",
                        "candidates.json:md5,1b47a764489862182f7980dc95f8252f",
                        "candidates_count.txt:md5,8f14e45fceea167a5a36dedd4bea2543",
                        "candidates_identity_boxplot.png:md5,acedd60f7281608a053cb164e35fd771",
                        "candidates_phylogeny.fasta:md5,aa8189a586b88e82ee3ceed7d70c79ea"
                    ]
                ],
                [
                    "query_026_MP23-0431_matK",
                    [
                        "1.flag:md5,aaf0c8d08bbe7475e0f5a59d03103a05",
                        "2.flag:md5,7a4a44e9144b0324d4514786fe1a2f49",
                        "7.flag:md5,faf7292155a57f6eb9acdc41e96d9252",
                        "all_hits.fasta:md5,fa6ed30545ada299eb01665d23c21d64",
                        "all_hits.json:md5,ff0c71371b1cc09089b8743b45f52051",
                        "candidates.csv:md5,6646c663e7233ec22c089882d25303e1",
                        "candidates.fasta:md5,2cf1957302ee0e3c1af72d706879cd7a",
                        "candidates.json:md5,0e71cdaecb48b9f662042051bebda472",
                        "candidates_count.txt:md5,d1f491a404d6854880943e5c3cd9ca25",
                        "candidates_identity_boxplot.png:md5,4dbab762bf55fdafb22f0574a62d6f61",
                        "candidates_phylogeny.fasta:md5,a03e728dded26cc2b461175c96d2bf78",
                        "taxa_of_concern_detected.csv:md5,7b96134b913a2d7e353ac8ea2b80e81e"
                    ]
                ],
                [
                    "query_027_MP23-0431_rbcL",
                    [
                        "1.flag:md5,aaf0c8d08bbe7475e0f5a59d03103a05",
                        "2.flag:md5,7a4a44e9144b0324d4514786fe1a2f49",
                        "7.flag:md5,faf7292155a57f6eb9acdc41e96d9252",
                        "all_hits.fasta:md5,aa1911b50c12493beb7cd2d1fa0490c4",
                        "all_hits.json:md5,a2d14cb19b398b9a0507dbfd848f2bd4",
                        "candidates.csv:md5,c83aaa3c032547a4484fd50ba238081d",
                        "candidates.fasta:md5,aa1911b50c12493beb7cd2d1fa0490c4",
                        "candidates.json:md5,09cc7d64bd418a297906a6ab0e9757a5",
                        "candidates_count.txt:md5,85d8ce590ad8981ca2c8286f79f59954",
                        "candidates_identity_boxplot.png:md5,4493a956afc8312a0c8c03c49a837771",
                        "candidates_phylogeny.fasta:md5,62ca24c61a69c9b9f5f23454296dd06c",
                        "taxa_of_concern_detected.csv:md5,156b0f2f386fcc371c5b65b8755c8b70"
                    ]
                ],
                [
                    "query_028_MP23-0432_matK",
                    [
                        "1.flag:md5,aaf0c8d08bbe7475e0f5a59d03103a05",
                        "2.flag:md5,53b5ba2b547942d6b79cbc5af93ddb2c",
                        "7.flag:md5,faf7292155a57f6eb9acdc41e96d9252",
                        "all_hits.fasta:md5,4722cc4005db09c4b773de41750315c1",
                        "all_hits.json:md5,3b0ed4d0706b9a7774ad91bd18e6df8c",
                        "candidates.csv:md5,feb2148c4de4b852a98a1e6b62e21ef7",
                        "candidates.fasta:md5,38ee874484c96be210441c1c74829f19",
                        "candidates.json:md5,3bfc68ca843699e3c4325071f7793e33",
                        "candidates_count.txt:md5,aab3238922bcc25a6f606eb525ffdc56",
                        "candidates_identity_boxplot.png:md5,10beec9ed51bf8a9af36ab6f15d4eeca",
                        "candidates_phylogeny.fasta:md5,294117f8a529b5c60daa1e6984013f20",
                        "taxa_of_concern_detected.csv:md5,0dcf5b8014b477c78806855f04f19c2d"
                    ]
                ],
                [
                    "query_029_MP23-0432_rbcL",
                    [
                        "1.flag:md5,aaf0c8d08bbe7475e0f5a59d03103a05",
                        "2.flag:md5,53b5ba2b547942d6b79cbc5af93ddb2c",
                        "7.flag:md5,faf7292155a57f6eb9acdc41e96d9252",
                        "all_hits.fasta:md5,ab5ead51f928ab76c27dd8c966e45db6",
                        "all_hits.json:md5,748c20f8872ba4e50a528588d08f7b6d",
                        "candidates.csv:md5,2cc7e817070949fa20d66e044c783d13",
                        "candidates.fasta:md5,5f5686adc57585d945c9381dba121a3b",
                        "candidates.json:md5,89c32ab78c41abf90380815d45687fbb",
                        "candidates_count.txt:md5,1ff1de774005f8da13f42943881c655f",
                        "candidates_identity_boxplot.png:md5,15243e2206dc0d92b8c6d8d08007f2e9",
                        "candidates_phylogeny.fasta:md5,fabfb2b9f34d85eb7118045a99b28f30",
                        "taxa_of_concern_detected.csv:md5,0dcf5b8014b477c78806855f04f19c2d"
                    ]
                ],
                [
                    "query_030_BISS_502833",
                    [
                        "1.flag:md5,5bebb6bb53ff7b1b11b87057eabd4f81",
                        "2.flag:md5,7a4a44e9144b0324d4514786fe1a2f49",
                        "7.flag:md5,faf7292155a57f6eb9acdc41e96d9252",
                        "all_hits.fasta:md5,290961aa470377a2c2b5532259a46609",
                        "all_hits.json:md5,fc1f6ca339b9c112627ecf2a130aba8d",
                        "candidates.csv:md5,7032245150fad0ee6a2d24617b2ec321",
                        "candidates.fasta:md5,6bef76e2eed5e0e467878c2f7e100f06",
                        "candidates.json:md5,5a7e53c9d3c7659cfa8c6ab51e03cedb",
                        "candidates_count.txt:md5,eccbc87e4b5ce2fe28308fd9f2a7baf3",
                        "candidates_phylogeny.fasta:md5,9843db8759eef3c721726b22127c53fc",
                        "taxa_of_concern_detected.csv:md5,201d93fa6854962578b9b3c667c84c5f"
                    ]
                ],
                [
                    "query_031_barcode_79_AR21a_1_1_1",
                    [
                        "1.flag:md5,f3d93e417259ddd4ae40f327a564095e",
                        "2.flag:md5,53b5ba2b547942d6b79cbc5af93ddb2c",
                        "7.flag:md5,34336abcf46f9652fe2f2e87d6138a1c",
                        "all_hits.fasta:md5,a990e7dd76a6edd95ecbc32d63278953",
                        "all_hits.json:md5,0a294b7199ef6bf727596b2ba7aa19c5",
                        "assigned_taxonomy.csv:md5,9e0164ca0592a6c211805f06bb91ad4e",
                        "candidates.csv:md5,47cc9222b344778037b217c62ed274ef",
                        "candidates.fasta:md5,ba2c7932201aa3fa784c10e3b7ebf3dd",
                        "candidates.json:md5,e61da9f5a594b83faec47c3d2dbc5eb6",
                        "candidates_count.txt:md5,c4ca4238a0b923820dcc509a6f75849b",
                        "candidates_phylogeny.fasta:md5,431f6aac41530da38509c4e48fe0005d",
                        "taxa_of_concern_detected.csv:md5,28955ca5213a5b775d523511e2396097"
                    ]
                ],
                [
                    "query_032_barcode_80_AR8_1_1",
                    [
                        "1.flag:md5,f3d93e417259ddd4ae40f327a564095e",
                        "2.flag:md5,53b5ba2b547942d6b79cbc5af93ddb2c",
                        "7.flag:md5,34336abcf46f9652fe2f2e87d6138a1c",
                        "all_hits.fasta:md5,a990e7dd76a6edd95ecbc32d63278953",
                        "all_hits.json:md5,30b167f9b477b1854d38406facf2fbbe",
                        "assigned_taxonomy.csv:md5,9e0164ca0592a6c211805f06bb91ad4e",
                        "candidates.csv:md5,47cc9222b344778037b217c62ed274ef",
                        "candidates.fasta:md5,ba2c7932201aa3fa784c10e3b7ebf3dd",
                        "candidates.json:md5,e61da9f5a594b83faec47c3d2dbc5eb6",
                        "candidates_count.txt:md5,c4ca4238a0b923820dcc509a6f75849b",
                        "candidates_phylogeny.fasta:md5,431f6aac41530da38509c4e48fe0005d",
                        "taxa_of_concern_detected.csv:md5,28955ca5213a5b775d523511e2396097"
                    ]
                ],
                [
                    "query_033_barcode_81_AR21a_1_1_1_KAPA",
                    [
                        "1.flag:md5,f3d93e417259ddd4ae40f327a564095e",
                        "2.flag:md5,7a4a44e9144b0324d4514786fe1a2f49",
                        "7.flag:md5,472edcd570b5eb18b9787dec25255f47",
                        "all_hits.fasta:md5,63e66b783c3d5da497e7e8e8aaec65c5",
                        "all_hits.json:md5,f3106805285aaf370eb4b558e0ab309f",
                        "assigned_taxonomy.csv:md5,258faa7a934ceb3a2d3092826631b80d",
                        "candidates.csv:md5,1ece91087101dc3c4b5afa0420eb31a7",
                        "candidates.fasta:md5,e4f40f9096c99caeef8b4f3d68e7839a",
                        "candidates.json:md5,9a3db79e08d774d255a3bbff9d75e376",
                        "candidates_count.txt:md5,c4ca4238a0b923820dcc509a6f75849b",
                        "candidates_phylogeny.fasta:md5,7048cc553a1de42d5c21eb61a222df88",
                        "preliminary_id_match.csv:md5,88a1a884303ee056b0ef9c7c291a5dc5",
                        "taxa_of_concern_detected.csv:md5,df9754539ecd53cb8a0f90a021930322"
                    ]
                ],
                [
                    "query_034_barcode_82_AR8_1_1_KAPA",
                    [
                        "1.flag:md5,f3d93e417259ddd4ae40f327a564095e",
                        "2.flag:md5,7a4a44e9144b0324d4514786fe1a2f49",
                        "7.flag:md5,472edcd570b5eb18b9787dec25255f47",
                        "all_hits.fasta:md5,d96724a4264f52f79a802580c19779fd",
                        "all_hits.json:md5,e4abf9824b5b6720f37a821206dde25b",
                        "assigned_taxonomy.csv:md5,3d7c37337f781f42854cba64a3da62c7",
                        "candidates.csv:md5,66f5c54ca426d9582168c89483a182cc",
                        "candidates.fasta:md5,5fd74412a9c417780940698499b24369",
                        "candidates.json:md5,bdacaf4249812959c61e7284010c210d",
                        "candidates_count.txt:md5,c4ca4238a0b923820dcc509a6f75849b",
                        "candidates_phylogeny.fasta:md5,1ee944a542219e51de4ee376533b1c5d",
                        "preliminary_id_match.csv:md5,88a1a884303ee056b0ef9c7c291a5dc5",
                        "taxa_of_concern_detected.csv:md5,0f8aa17b85e1c1058aa2a37f3c9b2f6c"
                    ]
                ],
                [
                    "query_035_barcode_83_AR21a_1_1_1_MyFi",
                    [
                        "1.flag:md5,f3d93e417259ddd4ae40f327a564095e",
                        "2.flag:md5,7a4a44e9144b0324d4514786fe1a2f49",
                        "7.flag:md5,472edcd570b5eb18b9787dec25255f47",
                        "all_hits.fasta:md5,63e66b783c3d5da497e7e8e8aaec65c5",
                        "all_hits.json:md5,c096503aa2afbd2eefa092b0a00abe1c",
                        "assigned_taxonomy.csv:md5,258faa7a934ceb3a2d3092826631b80d",
                        "candidates.csv:md5,1ece91087101dc3c4b5afa0420eb31a7",
                        "candidates.fasta:md5,e4f40f9096c99caeef8b4f3d68e7839a",
                        "candidates.json:md5,9a3db79e08d774d255a3bbff9d75e376",
                        "candidates_count.txt:md5,c4ca4238a0b923820dcc509a6f75849b",
                        "candidates_phylogeny.fasta:md5,7048cc553a1de42d5c21eb61a222df88",
                        "preliminary_id_match.csv:md5,88a1a884303ee056b0ef9c7c291a5dc5",
                        "taxa_of_concern_detected.csv:md5,df9754539ecd53cb8a0f90a021930322"
                    ]
                ],
                [
                    "query_036_barcode_84_AR8-1_1_MyFi",
                    [
                        "1.flag:md5,f3d93e417259ddd4ae40f327a564095e",
                        "2.flag:md5,7a4a44e9144b0324d4514786fe1a2f49",
                        "7.flag:md5,472edcd570b5eb18b9787dec25255f47",
                        "all_hits.fasta:md5,a6e3d4d9c15a385ae9ef08b4bd3cdcaa",
                        "all_hits.json:md5,8f1e0e86f61799f87c56fa23865d8496",
                        "assigned_taxonomy.csv:md5,3d7c37337f781f42854cba64a3da62c7",
                        "candidates.csv:md5,66f5c54ca426d9582168c89483a182cc",
                        "candidates.fasta:md5,e4f40f9096c99caeef8b4f3d68e7839a",
                        "candidates.json:md5,b3a54cfb16fdfbfe817c9d618e5b5623",
                        "candidates_count.txt:md5,c4ca4238a0b923820dcc509a6f75849b",
                        "candidates_phylogeny.fasta:md5,6ce61912b5ffbcc94d683608e1705b3e",
                        "preliminary_id_match.csv:md5,88a1a884303ee056b0ef9c7c291a5dc5",
                        "taxa_of_concern_detected.csv:md5,0f8aa17b85e1c1058aa2a37f3c9b2f6c"
                    ]
                ],
                [
                    "query_037_barcode_85_MG250214_4_1_1_KAPA",
                    [
                        "1.flag:md5,e48eb085772ecd7cb78c1c1cd6e09a24",
                        "2.flag:md5,7a4a44e9144b0324d4514786fe1a2f49",
                        "7.flag:md5,faf7292155a57f6eb9acdc41e96d9252",
                        "all_hits.fasta:md5,d7fafdbe3c94cbe449d1f9050c9e65be",
                        "all_hits.json:md5,f3b6c1b5ff9a36a666d379f1af2b94d2",
                        "candidates.csv:md5,6cd75288dde0d9e2245184a9729a5647",
                        "candidates.fasta:md5,71b0536581614e51c61885a4fbe0abcf",
                        "candidates.json:md5,4edd7fb19a6828fbe9be38cb18542d7a",
                        "candidates_count.txt:md5,33e75ff09dd601bbe69f351039152189",
                        "candidates_identity_boxplot.png:md5,29285804fda825679cc9436eb9de04b8",
                        "candidates_phylogeny.fasta:md5,8970b5903079136367d0a66514e6f952",
                        "taxa_of_concern_detected.csv:md5,599f73c3a32f289c14751a2f104873ba"
                    ]
                ],
                [
                    "query_038_barcode_86_ICS192-1_1_1_KAPA",
                    [
                        "1.flag:md5,25c0c874ad20c71dd34eaa0bb4886afb",
                        "2.flag:md5,53b5ba2b547942d6b79cbc5af93ddb2c",
                        "7.flag:md5,faf7292155a57f6eb9acdc41e96d9252",
                        "all_hits.fasta:md5,d5ac7d87ec4da7e8251709a3d2126e3e",
                        "all_hits.json:md5,a237e361221f5a76f59401482f416e8b",
                        "candidates.csv:md5,af57fbca89a319b6b965cc1d559b2fea",
                        "candidates.fasta:md5,d41d8cd98f00b204e9800998ecf8427e",
                        "candidates.json:md5,d63196ac50a67b476fee79420d101b7a",
                        "candidates_count.txt:md5,cfcd208495d565ef66e7dff9f98764da",
                        "candidates_phylogeny.fasta:md5,d41d8cd98f00b204e9800998ecf8427e",
                        "taxa_of_concern_detected.csv:md5,d7557ed3effa7aa7ba5b64c312c781e8"
                    ]
                ],
                [
                    "query_039_barcode_87_MG250214_4_1_1_MyFi",
                    [
                        "1.flag:md5,e48eb085772ecd7cb78c1c1cd6e09a24",
                        "2.flag:md5,7a4a44e9144b0324d4514786fe1a2f49",
                        "7.flag:md5,faf7292155a57f6eb9acdc41e96d9252",
                        "all_hits.fasta:md5,49d918df2cb3002a47fdce35d4fcd76d",
                        "all_hits.json:md5,5427bf65bd9c6ea65be835e17d5c65bb",
                        "candidates.csv:md5,af32db58cdab091771d680b13f7b8eff",
                        "candidates.fasta:md5,81a808de982642502c20e2e3ea6a0800",
                        "candidates.json:md5,38701d2831a69c4e4635654a118d0270",
                        "candidates_count.txt:md5,6ea9ab1baa0efb9e19094440c317e21b",
                        "candidates_identity_boxplot.png:md5,50d9ede146a2541b2d736c968ff55c08",
                        "candidates_phylogeny.fasta:md5,6f6be0cc71cb5e7fcc42dd736cdf7b0b",
                        "taxa_of_concern_detected.csv:md5,599f73c3a32f289c14751a2f104873ba"
                    ]
                ],
                [
                    "query_040_barcode_88_ICS192_1_1_1_MyFi",
                    [
                        "1.flag:md5,25c0c874ad20c71dd34eaa0bb4886afb",
                        "2.flag:md5,53b5ba2b547942d6b79cbc5af93ddb2c",
                        "7.flag:md5,faf7292155a57f6eb9acdc41e96d9252",
                        "all_hits.fasta:md5,95bbe5c291bab2e084bba24e35bc5479",
                        "all_hits.json:md5,a23e2d1a6092767a39031e8c59ccf3ab",
                        "candidates.csv:md5,af57fbca89a319b6b965cc1d559b2fea",
                        "candidates.fasta:md5,d41d8cd98f00b204e9800998ecf8427e",
                        "candidates.json:md5,31a9ac491c2baabd36fd00820a1887e1",
                        "candidates_count.txt:md5,cfcd208495d565ef66e7dff9f98764da",
                        "candidates_phylogeny.fasta:md5,d41d8cd98f00b204e9800998ecf8427e",
                        "taxa_of_concern_detected.csv:md5,d7557ed3effa7aa7ba5b64c312c781e8"
                    ]
                ],
                [
                    "query_041_barcode_89_RID8931_1_1_MJ",
                    [
                        "1.flag:md5,e48eb085772ecd7cb78c1c1cd6e09a24",
                        "2.flag:md5,7a4a44e9144b0324d4514786fe1a2f49",
                        "7.flag:md5,faf7292155a57f6eb9acdc41e96d9252",
                        "all_hits.fasta:md5,131ad90cfbe38b03586a04ac2650bcc2",
                        "all_hits.json:md5,f4096bf51cf28d62b797e4c8bf47c8fc",
                        "candidates.csv:md5,51913055cf7f40ae52289f9eb6140c80",
                        "candidates.fasta:md5,1da688d69a4dfb905804cc0f1053f42d",
                        "candidates.json:md5,ff3c08a27392fa3698376f582cd51673",
                        "candidates_count.txt:md5,c4ca4238a0b923820dcc509a6f75849b",
                        "candidates_phylogeny.fasta:md5,1f025c7bfacbf511dc1e9a2ad7b94e34",
                        "taxa_of_concern_detected.csv:md5,39b1fd4a1d6325430d8afc7085fe1d4d"
                    ]
                ],
                [
                    "query_042_barcode_90_RID8931_1_1_Ci",
                    [
                        "1.flag:md5,e48eb085772ecd7cb78c1c1cd6e09a24",
                        "2.flag:md5,7a4a44e9144b0324d4514786fe1a2f49",
                        "7.flag:md5,faf7292155a57f6eb9acdc41e96d9252",
                        "all_hits.fasta:md5,466e41a2df8442962ec57aa00eb3bdd8",
                        "all_hits.json:md5,56a8bff9ed479a551de12af4d83b2ede",
                        "candidates.csv:md5,076749d4bd3ce028ab45f55d37debe22",
                        "candidates.fasta:md5,59a68718cf2e96da02a382576158fee5",
                        "candidates.json:md5,375bc63876ed7ee27df18aa2e67e10ba",
                        "candidates_count.txt:md5,c4ca4238a0b923820dcc509a6f75849b",
                        "candidates_phylogeny.fasta:md5,59a68718cf2e96da02a382576158fee5",
                        "taxa_of_concern_detected.csv:md5,cb0c549df4109e3c0dbc5134a3daaedc"
                    ]
                ],
                [
                    "query_043_barcode_91_RID8931_1_1_NLB",
                    [
                        "1.flag:md5,e48eb085772ecd7cb78c1c1cd6e09a24",
                        "2.flag:md5,7a4a44e9144b0324d4514786fe1a2f49",
                        "7.flag:md5,faf7292155a57f6eb9acdc41e96d9252",
                        "all_hits.fasta:md5,708f1e7f31872646a87457c9702840ec",
                        "all_hits.json:md5,bddedcbe00a41e5a2eea007bc8f5e192",
                        "candidates.csv:md5,a6d4ceeadcc9bc65c906c963237c03bd",
                        "candidates.fasta:md5,472c7f195c9d7047c3416675e75b6f95",
                        "candidates.json:md5,ff43e45cf72c14f3bd6dae769be88e6b",
                        "candidates_count.txt:md5,c4ca4238a0b923820dcc509a6f75849b",
                        "candidates_phylogeny.fasta:md5,ccb6ba8ec683802347618cb48c514ccb",
                        "taxa_of_concern_detected.csv:md5,79ba8f7a1b9f1bfa5730bf906743aa42"
                    ]
                ],
                [
                    "query_044_barcode_93_MG250402_3_2_KAPA",
                    [
                        "1.flag:md5,f3d93e417259ddd4ae40f327a564095e",
                        "2.flag:md5,7a4a44e9144b0324d4514786fe1a2f49",
                        "7.flag:md5,472edcd570b5eb18b9787dec25255f47",
                        "all_hits.fasta:md5,3dcfc7c1404928dbb8dad41752447a3f",
                        "all_hits.json:md5,dec413f645dc1bda8e1535a94b84737d",
                        "assigned_taxonomy.csv:md5,c737919d71d8b547c2f57be4d7db2265",
                        "candidates.csv:md5,1d0c28f8df14a8c2f7c4a2baa4e37dde",
                        "candidates.fasta:md5,5a5dd5f6d49da9757b302bac61fb600c",
                        "candidates.json:md5,77fd38a94c3678cbe70cf18a695bf04f",
                        "candidates_count.txt:md5,c4ca4238a0b923820dcc509a6f75849b",
                        "candidates_phylogeny.fasta:md5,657efe3df160c90a6022126a9800ad12",
                        "preliminary_id_match.csv:md5,f196a5c52142ab03412d59f7aa1d255a",
                        "taxa_of_concern_detected.csv:md5,c3eae8f33212a1de3bc63c42b76aa3a9"
                    ]
                ],
                [
                    "query_045_barcode_94_MG250402_3_1_KAPA",
                    [
                        "1.flag:md5,f3d93e417259ddd4ae40f327a564095e",
                        "2.flag:md5,7a4a44e9144b0324d4514786fe1a2f49",
                        "7.flag:md5,472edcd570b5eb18b9787dec25255f47",
                        "all_hits.fasta:md5,f4857270efebe439beb94ef8c9f2519c",
                        "all_hits.json:md5,df507ecf27f996b9ba2038b25a45ddf5",
                        "assigned_taxonomy.csv:md5,04fca49adbc1f66a4f1b78bdbeb0f1b9",
                        "candidates.csv:md5,0a0f60220e1fe07a2e660232fb7ec1dd",
                        "candidates.fasta:md5,c267de80eba314246b16e8346677ba7f",
                        "candidates.json:md5,73f3118c8a1ac05e8eba2788eb38907a",
                        "candidates_count.txt:md5,c4ca4238a0b923820dcc509a6f75849b",
                        "candidates_phylogeny.fasta:md5,0ce14c6283d174f46cee44683c6dea85",
                        "preliminary_id_match.csv:md5,f196a5c52142ab03412d59f7aa1d255a",
                        "taxa_of_concern_detected.csv:md5,c3eae8f33212a1de3bc63c42b76aa3a9"
                    ]
                ],
                [
                    "query_046_barcode_95_MG250402_3_2_MyFi",
                    [
                        "1.flag:md5,f3d93e417259ddd4ae40f327a564095e",
                        "2.flag:md5,7a4a44e9144b0324d4514786fe1a2f49",
                        "7.flag:md5,472edcd570b5eb18b9787dec25255f47",
                        "all_hits.fasta:md5,dad278cadd1f3e1780a4f555572dc485",
                        "all_hits.json:md5,59ee89806f87e5d51ef7676f8f7d12e6",
                        "assigned_taxonomy.csv:md5,d48e72ec5b364c9b33eb7cfb6851255d",
                        "candidates.csv:md5,e97bf655836432ce7f4e2e963c20bbf6",
                        "candidates.fasta:md5,169af0f42808ff7b302cbf262ebefbc9",
                        "candidates.json:md5,a94554b8632166afeb04d1b279919537",
                        "candidates_count.txt:md5,c4ca4238a0b923820dcc509a6f75849b",
                        "candidates_phylogeny.fasta:md5,a827e04e93d9c4b60b6d64fcae6196e3",
                        "preliminary_id_match.csv:md5,f196a5c52142ab03412d59f7aa1d255a",
                        "taxa_of_concern_detected.csv:md5,c3eae8f33212a1de3bc63c42b76aa3a9"
                    ]
                ],
                [
                    "query_047_B6_SME25-101_Alana",
                    [
                        "1.flag:md5,e48eb085772ecd7cb78c1c1cd6e09a24",
                        "2.flag:md5,7a4a44e9144b0324d4514786fe1a2f49",
                        "7.flag:md5,faf7292155a57f6eb9acdc41e96d9252",
                        "all_hits.fasta:md5,84bf036556a2be275bb20535902ced02",
                        "all_hits.json:md5,37e66f1a605cbc09e4f082ba4556d125",
                        "candidates.csv:md5,ae302b6c88b69e6cd5285865b185b61b",
                        "candidates.fasta:md5,cc0a2c6103f0a3bd329b6857950a7873",
                        "candidates.json:md5,d2ff6a6a2515dacc888acd7188981b19",
                        "candidates_count.txt:md5,c4ca4238a0b923820dcc509a6f75849b",
                        "candidates_phylogeny.fasta:md5,0c0d313f2ecdffb46fcc5857aefbe3ed",
                        "taxa_of_concern_detected.csv:md5,149dfcfeae75c195bf11302602429b4b"
                    ]
                ],
                [
                    "query_048_512503_1_Andrew",
                    [
                        "1.flag:md5,f3d93e417259ddd4ae40f327a564095e",
                        "2.flag:md5,53b5ba2b547942d6b79cbc5af93ddb2c",
                        "7.flag:md5,34336abcf46f9652fe2f2e87d6138a1c",
                        "all_hits.fasta:md5,82e6fe7fe723c04904dc3104d3932cc8",
                        "all_hits.json:md5,2e432d05d540a641759336e3eabbf290",
                        "assigned_taxonomy.csv:md5,e1ef3ad78edcdd34b0b98a532bdbb8fb",
                        "candidates.csv:md5,a625493a372fa61ecd28af6d134f2a48",
                        "candidates.fasta:md5,36cf19a1245ec48329a34fbc1c4f006c",
                        "candidates.json:md5,95da13aaf95edc163cc39aee7683f0fb",
                        "candidates_count.txt:md5,c4ca4238a0b923820dcc509a6f75849b",
                        "candidates_phylogeny.fasta:md5,a32b2fe9a04efb6f8e8dbfca12dd7edd",
                        "taxa_of_concern_detected.csv:md5,9b10e46f0b004c62923cbf1c68e99602"
                    ]
                ]
            ],
            [
                [
                    "query_001_barcode84_contig1_PE250203-B_REP1_KAPA",
                    [
                        "4.flag:md5,014886099a8d6a72f203c50454be3604",
                        "aggregated_sources.json:md5,75582514952e43c8568874518cf2344f"
                    ]
                ],
                [
                    "query_002_barcode88_contig1_PE250203-A_REP1_KAPA",
                    [
                        "4.flag:md5,ef91b22a9ede7bef378b919521d2af83",
                        "aggregated_sources.json:md5,ce1c44e892ae115e4c4f0f1270802e5a"
                    ]
                ],
                [
                    "query_003_MG220521_3",
                    [
                        [
                            
                        ]
                    ]
                ],
                [
                    "query_004_MG240613_4",
                    [
                        [
                            
                        ]
                    ]
                ],
                [
                    "query_005_KDD0161",
                    [
                        "4.flag:md5,67d0961962bab9b6f8f00568a774fe52",
                        "aggregated_sources.json:md5,4c724ee738444be8e1831b9cfadb5ead"
                    ]
                ],
                [
                    "query_006_LMJ1993",
                    [
                        [
                            
                        ]
                    ]
                ],
                [
                    "query_007_VE24-1284_COI",
                    [
                        "4.flag:md5,586352f3bfb9d42d31fc34c693deaa4b",
                        "aggregated_sources.json:md5,f1b6cb3207ce575fea3fc0043f2434a3"
                    ]
                ],
                [
                    "query_008_VE24-1351_COI",
                    [
                        "4.flag:md5,ff651a9481004f2ad86596ff55a5a246",
                        "aggregated_sources.json:md5,0a1d0f9a9a608f75653a317355529f8c"
                    ]
                ],
                [
                    "query_009_VE25-1406_COI",
                    [
                        "4.flag:md5,8896795ac98c31cded9e5bc91dbb721f",
                        "aggregated_sources.json:md5,67fc8b9ea1c73d822fa6e2b6c09cc534"
                    ]
                ],
                [
                    "query_010_VE25-1425_28S",
                    [
                        "4.flag:md5,8d7f28b649d821f6348c4ee4c6c0fd84",
                        "aggregated_sources.json:md5,c9610e68c0d574ac90666ef82480c1d0"
                    ]
                ],
                [
                    "query_011_VE25-1428_16S",
                    [
                        "4.flag:md5,1c65f4332da9f5faeeaf3d3695725283",
                        "aggregated_sources.json:md5,91ab31ae3532b3c398ccc0ae8a32767e"
                    ]
                ],
                [
                    "query_012_VE25-1434_COI",
                    [
                        "4.flag:md5,9f772919951e02660b190102b82528d1",
                        "aggregated_sources.json:md5,c2122ed9016d9ed9e21302e8497d6ecf"
                    ]
                ],
                [
                    "query_013_VE24-1066_COI",
                    [
                        [
                            
                        ]
                    ]
                ],
                [
                    "query_014_VE24-1067_COI",
                    [
                        [
                            
                        ]
                    ]
                ],
                [
                    "query_015_VE24-1068_COI",
                    [
                        [
                            
                        ]
                    ]
                ],
                [
                    "query_016_VE24-1075_COI",
                    [
                        [
                            
                        ]
                    ]
                ],
                [
                    "query_017_VE24-1079_COI",
                    [
                        "4.flag:md5,8fabe743a2e49b5db80eaff36c665bb9",
                        "aggregated_sources.json:md5,0544c5a16de745c643d8aa440d090aa3"
                    ]
                ],
                [
                    "query_018_VE24-1086_COI",
                    [
                        "4.flag:md5,56d9de564215d9515ca0431c559a90ec",
                        "aggregated_sources.json:md5,48a9c66267f47d40d3da1d9a8f7efb66"
                    ]
                ],
                [
                    "query_019_Bac1_16S",
                    [
                        [
                            
                        ]
                    ]
                ],
                [
                    "query_020_Bac1_gyrB",
                    [
                        [
                            
                        ]
                    ]
                ],
                [
                    "query_021_Bac2_16S",
                    [
                        [
                            
                        ]
                    ]
                ],
                [
                    "query_022_Bac2_dnaX",
                    [
                        [
                            
                        ]
                    ]
                ],
                [
                    "query_023_FungusA_ITS",
                    [
                        [
                            
                        ]
                    ]
                ],
                [
                    "query_024_FungusB_ITS",
                    [
                        [
                            
                        ]
                    ]
                ],
                [
                    "query_025_FungusB_Btub",
                    [
                        [
                            
                        ]
                    ]
                ],
                [
                    "query_026_MP23-0431_matK",
                    [
                        [
                            
                        ]
                    ]
                ],
                [
                    "query_027_MP23-0431_rbcL",
                    [
                        [
                            
                        ]
                    ]
                ],
                [
                    "query_028_MP23-0432_matK",
                    [
                        [
                            
                        ]
                    ]
                ],
                [
                    "query_029_MP23-0432_rbcL",
                    [
                        [
                            
                        ]
                    ]
                ],
                [
                    "query_030_BISS_502833",
                    [
                        "4.flag:md5,e4d8e8c955d6192d504d4cc260ec3489",
                        "aggregated_sources.json:md5,2f5f8aecaba933f83a3ec95970acb079"
                    ]
                ],
                [
                    "query_031_barcode_79_AR21a_1_1_1",
                    [
                        "4.flag:md5,fda5f6fdb535639ec4dfdb4f178bedad",
                        "aggregated_sources.json:md5,076e64f4ca730ca2b19204889fb8b0d8"
                    ]
                ],
                [
                    "query_032_barcode_80_AR8_1_1",
                    [
                        "4.flag:md5,fda5f6fdb535639ec4dfdb4f178bedad",
                        "aggregated_sources.json:md5,076e64f4ca730ca2b19204889fb8b0d8"
                    ]
                ],
                [
                    "query_033_barcode_81_AR21a_1_1_1_KAPA",
                    [
                        "4.flag:md5,e21104e57818273f065415d789f42c91",
                        "aggregated_sources.json:md5,45644987bea99fe5bc5ff23e71046161"
                    ]
                ],
                [
                    "query_034_barcode_82_AR8_1_1_KAPA",
                    [
                        "4.flag:md5,e21104e57818273f065415d789f42c91",
                        "aggregated_sources.json:md5,45644987bea99fe5bc5ff23e71046161"
                    ]
                ],
                [
                    "query_035_barcode_83_AR21a_1_1_1_MyFi",
                    [
                        "4.flag:md5,e21104e57818273f065415d789f42c91",
                        "aggregated_sources.json:md5,45644987bea99fe5bc5ff23e71046161"
                    ]
                ],
                [
                    "query_036_barcode_84_AR8-1_1_MyFi",
                    [
                        "4.flag:md5,e21104e57818273f065415d789f42c91",
                        "aggregated_sources.json:md5,45644987bea99fe5bc5ff23e71046161"
                    ]
                ],
                [
                    "query_037_barcode_85_MG250214_4_1_1_KAPA",
                    [
                        [
                            
                        ]
                    ]
                ],
                [
                    "query_038_barcode_86_ICS192-1_1_1_KAPA",
                    [
                        [
                            
                        ]
                    ]
                ],
                [
                    "query_039_barcode_87_MG250214_4_1_1_MyFi",
                    [
                        [
                            
                        ]
                    ]
                ],
                [
                    "query_040_barcode_88_ICS192_1_1_1_MyFi",
                    [
                        [
                            
                        ]
                    ]
                ],
                [
                    "query_041_barcode_89_RID8931_1_1_MJ",
                    [
                        "4.flag:md5,1bc1df9dd9e9ac645e2ab5bcd9a313af",
                        "aggregated_sources.json:md5,f5487ccfb7bc11b54b2826556c64129f"
                    ]
                ],
                [
                    "query_042_barcode_90_RID8931_1_1_Ci",
                    [
                        "4.flag:md5,1bc1df9dd9e9ac645e2ab5bcd9a313af",
                        "aggregated_sources.json:md5,ab7d4c7d8957e73c8a65c45acfb5811e"
                    ]
                ],
                [
                    "query_043_barcode_91_RID8931_1_1_NLB",
                    [
                        "4.flag:md5,1bc1df9dd9e9ac645e2ab5bcd9a313af",
                        "aggregated_sources.json:md5,22aae55c205000e519b6d482dca8db65"
                    ]
                ],
                [
                    "query_044_barcode_93_MG250402_3_2_KAPA",
                    [
                        "4.flag:md5,ef91b22a9ede7bef378b919521d2af83",
                        "aggregated_sources.json:md5,00bc474c619db00cbf63d6a90410cf8d"
                    ]
                ],
                [
                    "query_045_barcode_94_MG250402_3_1_KAPA",
                    [
                        "4.flag:md5,ef91b22a9ede7bef378b919521d2af83",
                        "aggregated_sources.json:md5,00bc474c619db00cbf63d6a90410cf8d"
                    ]
                ],
                [
                    "query_046_barcode_95_MG250402_3_2_MyFi",
                    [
                        "4.flag:md5,ef91b22a9ede7bef378b919521d2af83",
                        "aggregated_sources.json:md5,ce1c44e892ae115e4c4f0f1270802e5a"
                    ]
                ],
                [
                    "query_047_B6_SME25-101_Alana",
                    [
                        "4.flag:md5,0dee5b443878fa56e6d97fc538ee1301",
                        "aggregated_sources.json:md5,a95d81d8095a8632861b2064ec9fa9b4"
                    ]
                ],
                [
                    "query_048_512503_1_Andrew",
                    [
                        "4.flag:md5,39bdc66f4924abda746a6c15789162bf",
                        "aggregated_sources.json:md5,5efca1474528e167093514a884798c55"
                    ]
                ]
            ],
            [
                [
                    "query_001_barcode84_contig1_PE250203-B_REP1_KAPA",
                    "candidates_phylogeny.nwk:md5,fc1db61459d893d0b89fc8ee6919f830"
                ],
                [
                    "query_002_barcode88_contig1_PE250203-A_REP1_KAPA",
                    "candidates_phylogeny.nwk:md5,74881a169017dded350ac38f35a719e9"
                ],
                [
                    "query_003_MG220521_3",
                    "candidates_phylogeny.nwk:md5,c454781a6035cc89fe5c2fda977547b7"
                ],
                [
                    "query_004_MG240613_4",
                    "candidates_phylogeny.nwk:md5,d41d8cd98f00b204e9800998ecf8427e"
                ],
                [
                    "query_005_KDD0161",
                    "candidates_phylogeny.nwk:md5,39268598b39329ecfba3d3c362658943"
                ],
                [
                    "query_006_LMJ1993",
                    "candidates_phylogeny.nwk:md5,204093a55b38158d8c1d7097ee64460c"
                ],
                [
                    "query_007_VE24-1284_COI",
                    "candidates_phylogeny.nwk:md5,94e342cf4c65cbb85b7a3a8d2a67dc36"
                ],
                [
                    "query_008_VE24-1351_COI",
                    "candidates_phylogeny.nwk:md5,b11e443dc62f25178f1f21fb5873bfea"
                ],
                [
                    "query_009_VE25-1406_COI",
                    "candidates_phylogeny.nwk:md5,777454c55586fead760a82136f1a784c"
                ],
                [
                    "query_010_VE25-1425_28S",
                    "candidates_phylogeny.nwk:md5,e46f0aca487fdf36812f8b6913ffbd69"
                ],
                [
                    "query_011_VE25-1428_16S",
                    "candidates_phylogeny.nwk:md5,695edcc7702308abf36c37609b278fc3"
                ],
                [
                    "query_012_VE25-1434_COI",
                    "candidates_phylogeny.nwk:md5,9153a02c22739dcb87678a2b6edcf9a6"
                ],
                [
                    "query_013_VE24-1066_COI",
                    "candidates_phylogeny.nwk:md5,009fed94bcd2424ff5299f12461bdba1"
                ],
                [
                    "query_014_VE24-1067_COI",
                    "candidates_phylogeny.nwk:md5,fdb5c452a6048e1ef56b93dcbbc51650"
                ],
                [
                    "query_015_VE24-1068_COI",
                    "candidates_phylogeny.nwk:md5,cdc49ce90d67572c51632a0a3f5a7520"
                ],
                [
                    "query_016_VE24-1075_COI",
                    "candidates_phylogeny.nwk:md5,6c322a9da9d1b5c3ea1f43ca4469239e"
                ],
                [
                    "query_017_VE24-1079_COI",
                    "candidates_phylogeny.nwk:md5,a959c854d5a824ef9eaa3f10d04243a2"
                ],
                [
                    "query_018_VE24-1086_COI",
                    "candidates_phylogeny.nwk:md5,8c017399fb0a8db7c92bfaba5d82c34e"
                ],
                [
                    "query_019_Bac1_16S",
                    "candidates_phylogeny.nwk:md5,13b9bae4c6b72a9c20015695536949f8"
                ],
                [
                    "query_020_Bac1_gyrB",
                    "candidates_phylogeny.nwk:md5,b2df502a0e7a941b3b2594c62e9b3e21"
                ],
                [
                    "query_021_Bac2_16S",
                    "candidates_phylogeny.nwk:md5,86dc370c229c400f00d6cc16bdf90dbc"
                ],
                [
                    "query_022_Bac2_dnaX",
                    "candidates_phylogeny.nwk:md5,4f233190a7935f1db8220a34791ac4ad"
                ],
                [
                    "query_023_FungusA_ITS",
                    "candidates_phylogeny.nwk:md5,71a7c0a37a23b1319004b21a2ddcbbda"
                ],
                [
                    "query_024_FungusB_ITS",
                    "candidates_phylogeny.nwk:md5,8bee32de2c14edf8eb512e5234a07d1c"
                ],
                [
                    "query_025_FungusB_Btub",
                    "candidates_phylogeny.nwk:md5,9653c0034f7053e77cbffa9f53fb64e1"
                ],
                [
                    "query_026_MP23-0431_matK",
                    "candidates_phylogeny.nwk:md5,766b6ec5439c1a5dab01739b761994b9"
                ],
                [
                    "query_027_MP23-0431_rbcL",
                    "candidates_phylogeny.nwk:md5,d03e712a9b237fa9a8d1d69fd835338e"
                ],
                [
                    "query_028_MP23-0432_matK",
                    "candidates_phylogeny.nwk:md5,5d8389650fa57096e7d4cecc4481d905"
                ],
                [
                    "query_029_MP23-0432_rbcL",
                    "candidates_phylogeny.nwk:md5,762890dd6f11988d39fe505ea23ccde8"
                ],
                [
                    "query_030_BISS_502833",
                    "candidates_phylogeny.nwk:md5,10d2b368dda317153d67ea7ca89f8e13"
                ],
                [
                    "query_031_barcode_79_AR21a_1_1_1",
                    "candidates_phylogeny.nwk:md5,94d05cca993bcebcff7e489f8c6b5e10"
                ],
                [
                    "query_032_barcode_80_AR8_1_1",
                    "candidates_phylogeny.nwk:md5,94d05cca993bcebcff7e489f8c6b5e10"
                ],
                [
                    "query_033_barcode_81_AR21a_1_1_1_KAPA",
                    "candidates_phylogeny.nwk:md5,28ab7d15cae595916d2c9c1e508bbc7e"
                ],
                [
                    "query_034_barcode_82_AR8_1_1_KAPA",
                    "candidates_phylogeny.nwk:md5,286c7bbaf647a194a9b4697484049537"
                ],
                [
                    "query_035_barcode_83_AR21a_1_1_1_MyFi",
                    "candidates_phylogeny.nwk:md5,28ab7d15cae595916d2c9c1e508bbc7e"
                ],
                [
                    "query_036_barcode_84_AR8-1_1_MyFi",
                    "candidates_phylogeny.nwk:md5,3faa1992a6868023dad29e35b00d557d"
                ],
                [
                    "query_037_barcode_85_MG250214_4_1_1_KAPA",
                    "candidates_phylogeny.nwk:md5,5dda0646e628d0565c85eb0959bc817f"
                ],
                [
                    "query_038_barcode_86_ICS192-1_1_1_KAPA",
                    "candidates_phylogeny.nwk:md5,d41d8cd98f00b204e9800998ecf8427e"
                ],
                [
                    "query_039_barcode_87_MG250214_4_1_1_MyFi",
                    "candidates_phylogeny.nwk:md5,e0d9f895dab6d385ee7d4d8fe07951f0"
                ],
                [
                    "query_040_barcode_88_ICS192_1_1_1_MyFi",
                    "candidates_phylogeny.nwk:md5,d41d8cd98f00b204e9800998ecf8427e"
                ],
                [
                    "query_041_barcode_89_RID8931_1_1_MJ",
                    "candidates_phylogeny.nwk:md5,e6475a70c3855bca3133f047f2a17200"
                ],
                [
                    "query_042_barcode_90_RID8931_1_1_Ci",
                    "candidates_phylogeny.nwk:md5,d41d8cd98f00b204e9800998ecf8427e"
                ],
                [
                    "query_043_barcode_91_RID8931_1_1_NLB",
                    "candidates_phylogeny.nwk:md5,47c688e9610143c81f2d35584a4f9258"
                ],
                [
                    "query_044_barcode_93_MG250402_3_2_KAPA",
                    "candidates_phylogeny.nwk:md5,a5df322b50bbfa8eb59e99ca6ff86e58"
                ],
                [
                    "query_045_barcode_94_MG250402_3_1_KAPA",
                    "candidates_phylogeny.nwk:md5,09a5f6ab4145c28aba777499541d7064"
                ],
                [
                    "query_046_barcode_95_MG250402_3_2_MyFi",
                    "candidates_phylogeny.nwk:md5,1783636fdd03ea43fa2c34e86754ebd4"
                ],
                [
                    "query_047_B6_SME25-101_Alana",
                    "candidates_phylogeny.nwk:md5,4bd62822732eddbb1c7e57eff4b2662c"
                ],
                [
                    "query_048_512503_1_Andrew",
                    "candidates_phylogeny.nwk:md5,ea18f2e3960f8c2a62605cf169f0ec9b"
                ]
            ]
        ],
        "meta": {
            "nf-test": "0.9.3",
            "nextflow": "25.04.6"
        },
        "timestamp": "2026-03-06T07:31:30.109690088"
    }
}